[pretrain] objective=mlm preset=small numeric_mode=bucket stride=128 params=9,909,066 device=cuda batch=128 lr=3.00e-04 amp=bf16 workers=4 windows=8,341 steps=30000
  step     50/30000 loss 3.4757 lr 3.00e-05 2.9 it/s skipped 0 bucket_mae 9.9741 n_num 4382.6000
  step    100/30000 loss 2.6324 lr 6.00e-05 3.0 it/s skipped 0 bucket_mae 7.4945 n_num 4369.3400
  step    150/30000 loss 1.9488 lr 9.00e-05 3.0 it/s skipped 0 bucket_mae 7.2052 n_num 4432.3400
  step    200/30000 loss 1.6478 lr 1.20e-04 3.0 it/s skipped 0 bucket_mae 6.9947 n_num 4413.3800
  step    250/30000 loss 1.5329 lr 1.50e-04 3.0 it/s skipped 0 bucket_mae 6.8845 n_num 4398.6400
  step    300/30000 loss 1.4508 lr 1.80e-04 3.0 it/s skipped 0 bucket_mae 6.7777 n_num 4275.8200
  step    350/30000 loss 1.3786 lr 2.10e-04 3.0 it/s skipped 0 bucket_mae 6.5013 n_num 4378.5200
  step    400/30000 loss 1.3350 lr 2.40e-04 3.0 it/s skipped 0 bucket_mae 6.5366 n_num 4270.4600
  step    450/30000 loss 1.3012 lr 2.70e-04 3.0 it/s skipped 0 bucket_mae 6.4464 n_num 4310.3400
  step    500/30000 loss 1.2656 lr 3.00e-04 3.0 it/s skipped 0 bucket_mae 6.3642 n_num 4328.8200
  step    550/30000 loss 1.2317 lr 3.00e-04 3.0 it/s skipped 0 bucket_mae 6.3469 n_num 4290.5400
  step    600/30000 loss 1.2238 lr 3.00e-04 3.0 it/s skipped 0 bucket_mae 6.3409 n_num 4363.6000
  step    650/30000 loss 1.1982 lr 3.00e-04 3.0 it/s skipped 0 bucket_mae 6.3087 n_num 4286.2000
  step    700/30000 loss 1.1862 lr 3.00e-04 3.0 it/s skipped 0 bucket_mae 6.3159 n_num 4416.8200
  step    750/30000 loss 1.1709 lr 3.00e-04 3.0 it/s skipped 0 bucket_mae 6.3232 n_num 4380.4400
  step    800/30000 loss 1.1424 lr 3.00e-04 3.0 it/s skipped 0 bucket_mae 6.3745 n_num 4337.2400
  step    850/30000 loss 1.1351 lr 3.00e-04 3.0 it/s skipped 0 bucket_mae 6.2848 n_num 4352.2800
  step    900/30000 loss 1.1329 lr 3.00e-04 3.0 it/s skipped 0 bucket_mae 6.2821 n_num 4385.6600
  step    950/30000 loss 1.1153 lr 3.00e-04 3.0 it/s skipped 0 bucket_mae 6.3074 n_num 4277.8000
  step   1000/30000 loss 1.1074 lr 3.00e-04 3.0 it/s skipped 0 bucket_mae 6.3286 n_num 4350.2600
  step   1050/30000 loss 1.1140 lr 3.00e-04 3.0 it/s skipped 0 bucket_mae 6.1627 n_num 4408.5800
  step   1100/30000 loss 1.1020 lr 3.00e-04 3.0 it/s skipped 0 bucket_mae 6.3020 n_num 4379.5200
  step   1150/30000 loss 1.0848 lr 3.00e-04 3.0 it/s skipped 0 bucket_mae 6.2143 n_num 4320.7600
  step   1200/30000 loss 1.0946 lr 3.00e-04 3.0 it/s skipped 0 bucket_mae 6.2102 n_num 4354.7800
  step   1250/30000 loss 1.0850 lr 3.00e-04 3.0 it/s skipped 0 bucket_mae 6.2587 n_num 4416.6400
  step   1300/30000 loss 1.0688 lr 2.99e-04 3.0 it/s skipped 0 bucket_mae 6.2207 n_num 4310.3200
  step   1350/30000 loss 1.0605 lr 2.99e-04 3.0 it/s skipped 0 bucket_mae 6.2687 n_num 4331.0200
  step   1400/30000 loss 1.0736 lr 2.99e-04 3.0 it/s skipped 0 bucket_mae 6.3161 n_num 4353.2600
  step   1450/30000 loss 1.0596 lr 2.99e-04 3.0 it/s skipped 0 bucket_mae 6.2793 n_num 4324.1000
  step   1500/30000 loss 1.0603 lr 2.99e-04 3.0 it/s skipped 0 bucket_mae 6.2125 n_num 4382.1000
  step   1550/30000 loss 1.0585 lr 2.99e-04 3.0 it/s skipped 0 bucket_mae 6.2654 n_num 4318.5600
  step   1600/30000 loss 1.0481 lr 2.99e-04 3.0 it/s skipped 0 bucket_mae 6.1862 n_num 4368.8800
  step   1650/30000 loss 1.0499 lr 2.99e-04 3.0 it/s skipped 0 bucket_mae 6.1434 n_num 4378.6400
  step   1700/30000 loss 1.0392 lr 2.99e-04 3.0 it/s skipped 0 bucket_mae 6.2783 n_num 4427.5800
  step   1750/30000 loss 1.0420 lr 2.99e-04 3.0 it/s skipped 0 bucket_mae 6.0903 n_num 4335.3200
  step   1800/30000 loss 1.0411 lr 2.99e-04 3.0 it/s skipped 0 bucket_mae 6.2792 n_num 4432.6600
  step   1850/30000 loss 1.0320 lr 2.98e-04 3.0 it/s skipped 0 bucket_mae 6.1348 n_num 4296.1800
  step   1900/30000 loss 1.0290 lr 2.98e-04 3.0 it/s skipped 0 bucket_mae 6.0581 n_num 4277.5400
  step   1950/30000 loss 1.0233 lr 2.98e-04 3.0 it/s skipped 0 bucket_mae 6.1118 n_num 4412.2200
  step   2000/30000 loss 1.0177 lr 2.98e-04 3.0 it/s skipped 0 bucket_mae 6.1542 n_num 4438.8200
  step   2050/30000 loss 1.0159 lr 2.98e-04 3.0 it/s skipped 0 bucket_mae 6.1539 n_num 4369.7600
  step   2100/30000 loss 1.0101 lr 2.98e-04 3.0 it/s skipped 0 bucket_mae 6.1193 n_num 4352.7200
  step   2150/30000 loss 0.9959 lr 2.98e-04 3.0 it/s skipped 0 bucket_mae 6.1389 n_num 4332.3000
  step   2200/30000 loss 0.9750 lr 2.98e-04 3.0 it/s skipped 0 bucket_mae 6.1763 n_num 4289.4000
  step   2250/30000 loss 0.9841 lr 2.97e-04 3.0 it/s skipped 0 bucket_mae 6.0587 n_num 4426.3000
  step   2300/30000 loss 0.9640 lr 2.97e-04 3.0 it/s skipped 0 bucket_mae 6.1702 n_num 4306.7400
  step   2350/30000 loss 0.9588 lr 2.97e-04 3.0 it/s skipped 0 bucket_mae 6.1636 n_num 4348.5200
  step   2400/30000 loss 0.9511 lr 2.97e-04 3.0 it/s skipped 0 bucket_mae 6.1320 n_num 4375.8000
  step   2450/30000 loss 0.9532 lr 2.97e-04 3.0 it/s skipped 0 bucket_mae 6.1154 n_num 4295.4600
  step   2500/30000 loss 0.9469 lr 2.97e-04 3.0 it/s skipped 0 bucket_mae 6.1050 n_num 4440.3000
  step   2550/30000 loss 0.9476 lr 2.96e-04 3.0 it/s skipped 0 bucket_mae 6.1426 n_num 4354.5200
  step   2600/30000 loss 0.9493 lr 2.96e-04 3.0 it/s skipped 0 bucket_mae 6.1352 n_num 4421.4000
  step   2650/30000 loss 0.9445 lr 2.96e-04 3.0 it/s skipped 0 bucket_mae 6.1120 n_num 4380.0000
  step   2700/30000 loss 0.9391 lr 2.96e-04 3.0 it/s skipped 0 bucket_mae 6.1703 n_num 4287.3600
  step   2750/30000 loss 0.9350 lr 2.96e-04 3.0 it/s skipped 0 bucket_mae 6.1187 n_num 4418.0800
  step   2800/30000 loss 0.9295 lr 2.96e-04 3.0 it/s skipped 0 bucket_mae 6.0357 n_num 4324.5600
  step   2850/30000 loss 0.9299 lr 2.95e-04 3.0 it/s skipped 0 bucket_mae 6.0800 n_num 4349.1200
  step   2900/30000 loss 0.9218 lr 2.95e-04 3.0 it/s skipped 0 bucket_mae 6.1162 n_num 4211.8600
  step   2950/30000 loss 0.9236 lr 2.95e-04 3.0 it/s skipped 0 bucket_mae 6.0699 n_num 4402.6200
  step   3000/30000 loss 0.9132 lr 2.95e-04 3.0 it/s skipped 0 bucket_mae 6.0013 n_num 4337.6400
  step   3050/30000 loss 0.9135 lr 2.95e-04 3.0 it/s skipped 0 bucket_mae 6.1574 n_num 4360.9600
  step   3100/30000 loss 0.9079 lr 2.94e-04 3.0 it/s skipped 0 bucket_mae 6.0325 n_num 4301.9200
  step   3150/30000 loss 0.9062 lr 2.94e-04 3.0 it/s skipped 0 bucket_mae 6.0352 n_num 4488.9400
  step   3200/30000 loss 0.9056 lr 2.94e-04 3.0 it/s skipped 0 bucket_mae 5.9843 n_num 4466.6400
  step   3250/30000 loss 0.9030 lr 2.94e-04 3.0 it/s skipped 0 bucket_mae 5.9890 n_num 4302.5800
  step   3300/30000 loss 0.8929 lr 2.93e-04 3.0 it/s skipped 0 bucket_mae 6.0013 n_num 4373.5800
  step   3350/30000 loss 0.8932 lr 2.93e-04 3.0 it/s skipped 0 bucket_mae 6.0400 n_num 4313.3000
  step   3400/30000 loss 0.8989 lr 2.93e-04 3.0 it/s skipped 0 bucket_mae 6.0606 n_num 4433.1200
  step   3450/30000 loss 0.8889 lr 2.93e-04 3.0 it/s skipped 0 bucket_mae 5.9099 n_num 4377.5200
  step   3500/30000 loss 0.8778 lr 2.92e-04 3.0 it/s skipped 0 bucket_mae 6.0220 n_num 4384.1600
  step   3550/30000 loss 0.8838 lr 2.92e-04 3.0 it/s skipped 0 bucket_mae 6.0063 n_num 4390.8200
  step   3600/30000 loss 0.8820 lr 2.92e-04 3.0 it/s skipped 0 bucket_mae 5.9931 n_num 4352.3400
  step   3650/30000 loss 0.8889 lr 2.92e-04 3.0 it/s skipped 0 bucket_mae 6.0108 n_num 4348.5000
  step   3700/30000 loss 0.8680 lr 2.91e-04 3.0 it/s skipped 0 bucket_mae 6.0403 n_num 4320.4600
  step   3750/30000 loss 0.8784 lr 2.91e-04 3.0 it/s skipped 0 bucket_mae 5.9795 n_num 4348.8800
  step   3800/30000 loss 0.8686 lr 2.91e-04 3.0 it/s skipped 0 bucket_mae 5.9993 n_num 4372.6200
  step   3850/30000 loss 0.8715 lr 2.91e-04 3.0 it/s skipped 0 bucket_mae 5.9930 n_num 4304.3800
  step   3900/30000 loss 0.8813 lr 2.90e-04 3.0 it/s skipped 0 bucket_mae 5.9577 n_num 4369.0600
  step   3950/30000 loss 0.8642 lr 2.90e-04 3.0 it/s skipped 0 bucket_mae 5.9876 n_num 4387.9400
  step   4000/30000 loss 0.8600 lr 2.90e-04 3.0 it/s skipped 0 bucket_mae 5.9297 n_num 4335.0400
  step   4050/30000 loss 0.8678 lr 2.89e-04 3.0 it/s skipped 0 bucket_mae 5.9728 n_num 4432.7600
  step   4100/30000 loss 0.8603 lr 2.89e-04 3.0 it/s skipped 0 bucket_mae 5.9407 n_num 4319.5000
  step   4150/30000 loss 0.8523 lr 2.89e-04 3.0 it/s skipped 0 bucket_mae 5.9441 n_num 4231.6000
  step   4200/30000 loss 0.8549 lr 2.89e-04 3.0 it/s skipped 0 bucket_mae 5.9727 n_num 4400.8000
  step   4250/30000 loss 0.8569 lr 2.88e-04 3.0 it/s skipped 0 bucket_mae 5.9279 n_num 4383.4200
  step   4300/30000 loss 0.8464 lr 2.88e-04 3.0 it/s skipped 0 bucket_mae 5.9867 n_num 4343.0600
  step   4350/30000 loss 0.8541 lr 2.88e-04 3.0 it/s skipped 0 bucket_mae 6.0208 n_num 4339.2200
  step   4400/30000 loss 0.8539 lr 2.87e-04 3.0 it/s skipped 0 bucket_mae 5.9415 n_num 4388.8200
  step   4450/30000 loss 0.8387 lr 2.87e-04 3.0 it/s skipped 0 bucket_mae 5.9328 n_num 4294.9000
  step   4500/30000 loss 0.8371 lr 2.87e-04 3.0 it/s skipped 0 bucket_mae 5.8782 n_num 4327.7800
  step   4550/30000 loss 0.8395 lr 2.86e-04 3.0 it/s skipped 0 bucket_mae 6.0255 n_num 4275.7600
  step   4600/30000 loss 0.8330 lr 2.86e-04 3.0 it/s skipped 0 bucket_mae 5.8997 n_num 4428.7400
  step   4650/30000 loss 0.8342 lr 2.86e-04 3.0 it/s skipped 0 bucket_mae 5.9434 n_num 4363.4000
  step   4700/30000 loss 0.8237 lr 2.85e-04 3.0 it/s skipped 0 bucket_mae 5.9481 n_num 4401.9000
  step   4750/30000 loss 0.8196 lr 2.85e-04 3.0 it/s skipped 0 bucket_mae 5.9996 n_num 4347.3600
  step   4800/30000 loss 0.8284 lr 2.85e-04 3.0 it/s skipped 0 bucket_mae 5.9834 n_num 4367.3000
  step   4850/30000 loss 0.8193 lr 2.84e-04 3.0 it/s skipped 0 bucket_mae 5.9621 n_num 4318.8000
  step   4900/30000 loss 0.8180 lr 2.84e-04 3.0 it/s skipped 0 bucket_mae 5.8132 n_num 4317.7000
  step   4950/30000 loss 0.8156 lr 2.83e-04 3.0 it/s skipped 0 bucket_mae 5.9534 n_num 4347.2200
  step   5000/30000 loss 0.8267 lr 2.83e-04 3.0 it/s skipped 0 bucket_mae 5.8768 n_num 4457.4800
  step   5050/30000 loss 0.8036 lr 2.83e-04 3.0 it/s skipped 0 bucket_mae 5.9064 n_num 4320.2800
  step   5100/30000 loss 0.8132 lr 2.82e-04 3.0 it/s skipped 0 bucket_mae 5.8923 n_num 4360.0400
  step   5150/30000 loss 0.8003 lr 2.82e-04 3.0 it/s skipped 0 bucket_mae 5.8334 n_num 4403.8200
  step   5200/30000 loss 0.8089 lr 2.82e-04 3.0 it/s skipped 0 bucket_mae 5.9406 n_num 4309.9200
  step   5250/30000 loss 0.8111 lr 2.81e-04 3.0 it/s skipped 0 bucket_mae 5.9305 n_num 4373.2000
  step   5300/30000 loss 0.8025 lr 2.81e-04 3.0 it/s skipped 0 bucket_mae 5.8553 n_num 4342.9400
  step   5350/30000 loss 0.8001 lr 2.80e-04 3.0 it/s skipped 0 bucket_mae 5.8721 n_num 4319.2600
  step   5400/30000 loss 0.8007 lr 2.80e-04 3.0 it/s skipped 0 bucket_mae 5.8835 n_num 4332.5200
  step   5450/30000 loss 0.8003 lr 2.80e-04 3.0 it/s skipped 0 bucket_mae 5.8697 n_num 4473.5600
  step   5500/30000 loss 0.8051 lr 2.79e-04 3.0 it/s skipped 0 bucket_mae 5.9199 n_num 4325.9200
  step   5550/30000 loss 0.7894 lr 2.79e-04 3.0 it/s skipped 0 bucket_mae 5.8916 n_num 4344.4600
  step   5600/30000 loss 0.7905 lr 2.78e-04 3.0 it/s skipped 0 bucket_mae 5.8921 n_num 4364.0600
  step   5650/30000 loss 0.7904 lr 2.78e-04 3.0 it/s skipped 0 bucket_mae 5.9028 n_num 4355.3400
  step   5700/30000 loss 0.7838 lr 2.78e-04 3.0 it/s skipped 0 bucket_mae 5.9729 n_num 4334.3000
  step   5750/30000 loss 0.7897 lr 2.77e-04 3.0 it/s skipped 0 bucket_mae 5.8475 n_num 4334.9800
  step   5800/30000 loss 0.7810 lr 2.77e-04 3.0 it/s skipped 0 bucket_mae 5.9281 n_num 4351.9000
  step   5850/30000 loss 0.7795 lr 2.76e-04 3.0 it/s skipped 0 bucket_mae 5.7968 n_num 4368.4000
  step   5900/30000 loss 0.7889 lr 2.76e-04 3.0 it/s skipped 0 bucket_mae 5.8214 n_num 4389.8000
  step   5950/30000 loss 0.7746 lr 2.75e-04 3.0 it/s skipped 0 bucket_mae 5.8911 n_num 4391.6000
  step   6000/30000 loss 0.7843 lr 2.75e-04 3.0 it/s skipped 0 bucket_mae 5.8324 n_num 4336.0200
  step   6050/30000 loss 0.7817 lr 2.75e-04 3.0 it/s skipped 0 bucket_mae 5.7842 n_num 4333.0000
  step   6100/30000 loss 0.7816 lr 2.74e-04 3.0 it/s skipped 0 bucket_mae 5.8872 n_num 4361.8200
  step   6150/30000 loss 0.7742 lr 2.74e-04 3.0 it/s skipped 0 bucket_mae 5.8440 n_num 4348.5200
  step   6200/30000 loss 0.7731 lr 2.73e-04 3.0 it/s skipped 0 bucket_mae 5.8632 n_num 4315.0000
  step   6250/30000 loss 0.7801 lr 2.73e-04 3.0 it/s skipped 0 bucket_mae 5.8567 n_num 4331.6600
  step   6300/30000 loss 0.7769 lr 2.72e-04 3.0 it/s skipped 0 bucket_mae 5.8395 n_num 4316.7000
  step   6350/30000 loss 0.7709 lr 2.72e-04 3.0 it/s skipped 0 bucket_mae 5.8875 n_num 4388.9200
  step   6400/30000 loss 0.7788 lr 2.71e-04 3.0 it/s skipped 0 bucket_mae 5.8889 n_num 4369.7000
  step   6450/30000 loss 0.7756 lr 2.71e-04 3.0 it/s skipped 0 bucket_mae 5.7486 n_num 4311.6400
  step   6500/30000 loss 0.7673 lr 2.70e-04 3.0 it/s skipped 0 bucket_mae 5.8372 n_num 4299.3400
  step   6550/30000 loss 0.7576 lr 2.70e-04 3.0 it/s skipped 0 bucket_mae 5.7844 n_num 4303.9000
  step   6600/30000 loss 0.7639 lr 2.69e-04 3.0 it/s skipped 0 bucket_mae 5.8481 n_num 4379.0000
  step   6650/30000 loss 0.7605 lr 2.69e-04 3.0 it/s skipped 0 bucket_mae 5.8731 n_num 4271.5600
  step   6700/30000 loss 0.7733 lr 2.68e-04 3.0 it/s skipped 0 bucket_mae 5.8835 n_num 4415.5800
  step   6750/30000 loss 0.7621 lr 2.68e-04 3.0 it/s skipped 0 bucket_mae 5.8264 n_num 4427.1000
  step   6800/30000 loss 0.7697 lr 2.67e-04 3.0 it/s skipped 0 bucket_mae 5.7983 n_num 4360.4600
  step   6850/30000 loss 0.7646 lr 2.67e-04 3.0 it/s skipped 0 bucket_mae 5.8369 n_num 4333.6600
  step   6900/30000 loss 0.7629 lr 2.66e-04 3.0 it/s skipped 0 bucket_mae 5.8063 n_num 4315.3800
  step   6950/30000 loss 0.7617 lr 2.66e-04 3.0 it/s skipped 0 bucket_mae 5.8911 n_num 4330.2200
  step   7000/30000 loss 0.7644 lr 2.65e-04 3.0 it/s skipped 0 bucket_mae 5.7538 n_num 4341.6400
  step   7050/30000 loss 0.7602 lr 2.65e-04 3.0 it/s skipped 0 bucket_mae 5.8899 n_num 4375.5000
  step   7100/30000 loss 0.7625 lr 2.64e-04 3.0 it/s skipped 0 bucket_mae 5.7896 n_num 4361.2800
  step   7150/30000 loss 0.7609 lr 2.64e-04 3.0 it/s skipped 0 bucket_mae 5.7721 n_num 4320.1200
  step   7200/30000 loss 0.7463 lr 2.63e-04 3.0 it/s skipped 0 bucket_mae 5.8235 n_num 4263.4000
  step   7250/30000 loss 0.7567 lr 2.63e-04 3.0 it/s skipped 0 bucket_mae 5.7843 n_num 4408.9400
  step   7300/30000 loss 0.7597 lr 2.62e-04 3.0 it/s skipped 0 bucket_mae 5.8146 n_num 4456.2600
  step   7350/30000 loss 0.7634 lr 2.62e-04 3.0 it/s skipped 0 bucket_mae 5.7685 n_num 4339.0000
  step   7400/30000 loss 0.7515 lr 2.61e-04 3.0 it/s skipped 0 bucket_mae 5.8746 n_num 4340.9200
  step   7450/30000 loss 0.7552 lr 2.61e-04 3.0 it/s skipped 0 bucket_mae 5.7640 n_num 4372.0400
  step   7500/30000 loss 0.7549 lr 2.60e-04 3.0 it/s skipped 0 bucket_mae 5.8167 n_num 4391.5600
  step   7550/30000 loss 0.7523 lr 2.60e-04 3.0 it/s skipped 0 bucket_mae 5.7770 n_num 4442.8400
  step   7600/30000 loss 0.7440 lr 2.59e-04 3.0 it/s skipped 0 bucket_mae 5.8210 n_num 4418.2200
  step   7650/30000 loss 0.7546 lr 2.59e-04 3.0 it/s skipped 0 bucket_mae 5.7639 n_num 4447.6000
  step   7700/30000 loss 0.7554 lr 2.58e-04 3.0 it/s skipped 0 bucket_mae 5.8237 n_num 4276.6200
  step   7750/30000 loss 0.7469 lr 2.57e-04 3.0 it/s skipped 0 bucket_mae 5.7020 n_num 4365.9400
  step   7800/30000 loss 0.7553 lr 2.57e-04 3.0 it/s skipped 0 bucket_mae 5.8351 n_num 4480.1200
  step   7850/30000 loss 0.7477 lr 2.56e-04 3.0 it/s skipped 0 bucket_mae 5.7989 n_num 4328.1400
  step   7900/30000 loss 0.7379 lr 2.56e-04 3.0 it/s skipped 0 bucket_mae 5.7420 n_num 4413.0600
  step   7950/30000 loss 0.7463 lr 2.55e-04 3.0 it/s skipped 0 bucket_mae 5.8388 n_num 4347.9400
  step   8000/30000 loss 0.7373 lr 2.55e-04 3.0 it/s skipped 0 bucket_mae 5.8583 n_num 4350.8400
  step   8050/30000 loss 0.7492 lr 2.54e-04 3.0 it/s skipped 0 bucket_mae 5.8189 n_num 4432.2600
  step   8100/30000 loss 0.7451 lr 2.53e-04 3.0 it/s skipped 0 bucket_mae 5.7081 n_num 4306.7600
  step   8150/30000 loss 0.7401 lr 2.53e-04 3.0 it/s skipped 0 bucket_mae 5.8582 n_num 4414.5800
  step   8200/30000 loss 0.7293 lr 2.52e-04 3.0 it/s skipped 0 bucket_mae 5.7583 n_num 4268.9000
  step   8250/30000 loss 0.7446 lr 2.52e-04 3.0 it/s skipped 0 bucket_mae 5.7372 n_num 4411.1400
  step   8300/30000 loss 0.7478 lr 2.51e-04 3.0 it/s skipped 0 bucket_mae 5.8530 n_num 4349.5600
  step   8350/30000 loss 0.7398 lr 2.51e-04 3.0 it/s skipped 0 bucket_mae 5.7566 n_num 4317.8600
  step   8400/30000 loss 0.7464 lr 2.50e-04 3.0 it/s skipped 0 bucket_mae 5.8368 n_num 4327.1400
  step   8450/30000 loss 0.7425 lr 2.49e-04 3.0 it/s skipped 0 bucket_mae 5.7922 n_num 4373.1200
  step   8500/30000 loss 0.7345 lr 2.49e-04 3.0 it/s skipped 0 bucket_mae 5.7598 n_num 4389.1600
  step   8550/30000 loss 0.7429 lr 2.48e-04 3.0 it/s skipped 0 bucket_mae 5.8335 n_num 4435.9400
  step   8600/30000 loss 0.7402 lr 2.48e-04 3.0 it/s skipped 0 bucket_mae 5.7872 n_num 4316.1200
  step   8650/30000 loss 0.7395 lr 2.47e-04 3.0 it/s skipped 0 bucket_mae 5.7827 n_num 4452.4000
  step   8700/30000 loss 0.7361 lr 2.46e-04 3.0 it/s skipped 0 bucket_mae 5.7856 n_num 4376.7000
  step   8750/30000 loss 0.7349 lr 2.46e-04 3.0 it/s skipped 0 bucket_mae 5.8974 n_num 4334.8200
  step   8800/30000 loss 0.7329 lr 2.45e-04 3.0 it/s skipped 0 bucket_mae 5.7804 n_num 4333.9200
  step   8850/30000 loss 0.7429 lr 2.45e-04 3.0 it/s skipped 0 bucket_mae 5.7111 n_num 4399.1200
  step   8900/30000 loss 0.7436 lr 2.44e-04 3.0 it/s skipped 0 bucket_mae 5.8750 n_num 4388.4200
  step   8950/30000 loss 0.7267 lr 2.43e-04 3.0 it/s skipped 0 bucket_mae 5.7960 n_num 4353.9200
  step   9000/30000 loss 0.7321 lr 2.43e-04 3.0 it/s skipped 0 bucket_mae 5.7473 n_num 4302.3800
  step   9050/30000 loss 0.7286 lr 2.42e-04 3.0 it/s skipped 0 bucket_mae 5.8252 n_num 4310.3200
  step   9100/30000 loss 0.7204 lr 2.41e-04 3.0 it/s skipped 0 bucket_mae 5.6961 n_num 4340.2400
  step   9150/30000 loss 0.7259 lr 2.41e-04 3.0 it/s skipped 0 bucket_mae 5.7901 n_num 4294.3800
  step   9200/30000 loss 0.7248 lr 2.40e-04 3.0 it/s skipped 0 bucket_mae 5.7588 n_num 4426.8800
  step   9250/30000 loss 0.7284 lr 2.39e-04 3.0 it/s skipped 0 bucket_mae 5.7628 n_num 4276.4400
  step   9300/30000 loss 0.7231 lr 2.39e-04 3.0 it/s skipped 0 bucket_mae 5.7985 n_num 4418.7600
  step   9350/30000 loss 0.7249 lr 2.38e-04 3.0 it/s skipped 0 bucket_mae 5.8139 n_num 4436.1200
  step   9400/30000 loss 0.7313 lr 2.38e-04 3.0 it/s skipped 0 bucket_mae 5.8181 n_num 4341.0000
  step   9450/30000 loss 0.7237 lr 2.37e-04 3.0 it/s skipped 0 bucket_mae 5.7054 n_num 4399.0600
  step   9500/30000 loss 0.7273 lr 2.36e-04 3.0 it/s skipped 0 bucket_mae 5.7031 n_num 4429.0400
  step   9550/30000 loss 0.7247 lr 2.36e-04 3.0 it/s skipped 0 bucket_mae 5.7656 n_num 4291.1800
  step   9600/30000 loss 0.7270 lr 2.35e-04 3.0 it/s skipped 0 bucket_mae 5.7636 n_num 4402.3800
  step   9650/30000 loss 0.7312 lr 2.34e-04 3.0 it/s skipped 0 bucket_mae 5.7769 n_num 4341.2200
  step   9700/30000 loss 0.7196 lr 2.34e-04 3.0 it/s skipped 0 bucket_mae 5.7405 n_num 4290.2600
  step   9750/30000 loss 0.7279 lr 2.33e-04 3.0 it/s skipped 0 bucket_mae 5.7254 n_num 4464.2200
  step   9800/30000 loss 0.7160 lr 2.32e-04 3.0 it/s skipped 0 bucket_mae 5.7123 n_num 4346.6000
  step   9850/30000 loss 0.7223 lr 2.32e-04 3.0 it/s skipped 0 bucket_mae 5.7878 n_num 4440.3200
  step   9900/30000 loss 0.7287 lr 2.31e-04 3.0 it/s skipped 0 bucket_mae 5.7631 n_num 4371.2200
  step   9950/30000 loss 0.7209 lr 2.30e-04 3.0 it/s skipped 0 bucket_mae 5.7417 n_num 4354.9000
  step  10000/30000 loss 0.7243 lr 2.30e-04 3.0 it/s skipped 0 bucket_mae 5.7650 n_num 4465.3400
  step  10050/30000 loss 0.7144 lr 2.29e-04 3.0 it/s skipped 0 bucket_mae 5.8011 n_num 4315.1000
  step  10100/30000 loss 0.7223 lr 2.28e-04 3.0 it/s skipped 0 bucket_mae 5.8343 n_num 4374.7200
  step  10150/30000 loss 0.7188 lr 2.28e-04 3.0 it/s skipped 0 bucket_mae 5.7459 n_num 4351.4200
  step  10200/30000 loss 0.7153 lr 2.27e-04 3.0 it/s skipped 0 bucket_mae 5.8039 n_num 4335.4200
  step  10250/30000 loss 0.7131 lr 2.26e-04 3.0 it/s skipped 0 bucket_mae 5.7488 n_num 4452.4600
  step  10300/30000 loss 0.7172 lr 2.25e-04 3.0 it/s skipped 0 bucket_mae 5.6366 n_num 4327.2400
  step  10350/30000 loss 0.7164 lr 2.25e-04 3.0 it/s skipped 0 bucket_mae 5.7109 n_num 4355.2800
  step  10400/30000 loss 0.7237 lr 2.24e-04 3.0 it/s skipped 0 bucket_mae 5.6860 n_num 4334.2200
  step  10450/30000 loss 0.7129 lr 2.23e-04 3.0 it/s skipped 0 bucket_mae 5.7640 n_num 4323.0200
  step  10500/30000 loss 0.7255 lr 2.23e-04 3.0 it/s skipped 0 bucket_mae 5.7644 n_num 4487.5200
  step  10550/30000 loss 0.7155 lr 2.22e-04 3.0 it/s skipped 0 bucket_mae 5.7143 n_num 4358.1200
  step  10600/30000 loss 0.7174 lr 2.21e-04 3.0 it/s skipped 0 bucket_mae 5.7177 n_num 4349.5200
  step  10650/30000 loss 0.7190 lr 2.21e-04 3.0 it/s skipped 0 bucket_mae 5.7071 n_num 4396.9800
  step  10700/30000 loss 0.7199 lr 2.20e-04 3.0 it/s skipped 0 bucket_mae 5.7543 n_num 4334.1200
  step  10750/30000 loss 0.7123 lr 2.19e-04 3.0 it/s skipped 0 bucket_mae 5.7383 n_num 4307.6200
  step  10800/30000 loss 0.7066 lr 2.18e-04 3.0 it/s skipped 0 bucket_mae 5.7746 n_num 4326.8000
  step  10850/30000 loss 0.7109 lr 2.18e-04 3.0 it/s skipped 0 bucket_mae 5.6916 n_num 4339.3000
  step  10900/30000 loss 0.7164 lr 2.17e-04 3.0 it/s skipped 0 bucket_mae 5.8623 n_num 4335.7800
  step  10950/30000 loss 0.7120 lr 2.16e-04 3.0 it/s skipped 0 bucket_mae 5.7675 n_num 4536.9200
  step  11000/30000 loss 0.7149 lr 2.16e-04 3.0 it/s skipped 0 bucket_mae 5.7225 n_num 4364.8000
  step  11050/30000 loss 0.7053 lr 2.15e-04 3.0 it/s skipped 0 bucket_mae 5.7379 n_num 4327.7600
  step  11100/30000 loss 0.7118 lr 2.14e-04 3.0 it/s skipped 0 bucket_mae 5.7040 n_num 4310.1600
  step  11150/30000 loss 0.7097 lr 2.13e-04 3.0 it/s skipped 0 bucket_mae 5.7901 n_num 4392.6000
  step  11200/30000 loss 0.7098 lr 2.13e-04 3.0 it/s skipped 0 bucket_mae 5.8138 n_num 4365.8600
  step  11250/30000 loss 0.7151 lr 2.12e-04 3.0 it/s skipped 0 bucket_mae 5.7522 n_num 4458.0400
  step  11300/30000 loss 0.7091 lr 2.11e-04 3.0 it/s skipped 0 bucket_mae 5.7868 n_num 4407.0400
  step  11350/30000 loss 0.7074 lr 2.11e-04 3.0 it/s skipped 0 bucket_mae 5.7495 n_num 4326.1200
  step  11400/30000 loss 0.6996 lr 2.10e-04 3.0 it/s skipped 0 bucket_mae 5.7051 n_num 4312.2400
  step  11450/30000 loss 0.7119 lr 2.09e-04 3.0 it/s skipped 0 bucket_mae 5.7663 n_num 4350.0000
  step  11500/30000 loss 0.7008 lr 2.08e-04 3.0 it/s skipped 0 bucket_mae 5.7170 n_num 4290.4600
  step  11550/30000 loss 0.7097 lr 2.08e-04 3.0 it/s skipped 0 bucket_mae 5.7291 n_num 4417.2200
  step  11600/30000 loss 0.7021 lr 2.07e-04 3.0 it/s skipped 0 bucket_mae 5.7072 n_num 4330.6800
  step  11650/30000 loss 0.7004 lr 2.06e-04 3.0 it/s skipped 0 bucket_mae 5.6814 n_num 4312.3200
  step  11700/30000 loss 0.7048 lr 2.05e-04 3.0 it/s skipped 0 bucket_mae 5.7413 n_num 4353.8400
  step  11750/30000 loss 0.7043 lr 2.05e-04 3.0 it/s skipped 0 bucket_mae 5.7245 n_num 4420.3000
  step  11800/30000 loss 0.7048 lr 2.04e-04 3.0 it/s skipped 0 bucket_mae 5.7759 n_num 4434.2400
  step  11850/30000 loss 0.6996 lr 2.03e-04 3.0 it/s skipped 0 bucket_mae 5.6853 n_num 4322.5400
  step  11900/30000 loss 0.6995 lr 2.02e-04 3.0 it/s skipped 0 bucket_mae 5.5919 n_num 4384.4600
  step  11950/30000 loss 0.7038 lr 2.02e-04 3.0 it/s skipped 0 bucket_mae 5.7853 n_num 4389.3400
  step  12000/30000 loss 0.6991 lr 2.01e-04 3.0 it/s skipped 0 bucket_mae 5.6814 n_num 4376.4000
  step  12050/30000 loss 0.7029 lr 2.00e-04 3.0 it/s skipped 0 bucket_mae 5.6936 n_num 4473.7400
  step  12100/30000 loss 0.6997 lr 1.99e-04 3.0 it/s skipped 0 bucket_mae 5.6805 n_num 4272.2000
  step  12150/30000 loss 0.6933 lr 1.99e-04 3.0 it/s skipped 0 bucket_mae 5.6811 n_num 4306.4000
  step  12200/30000 loss 0.7028 lr 1.98e-04 3.0 it/s skipped 0 bucket_mae 5.7434 n_num 4375.0600
  step  12250/30000 loss 0.7005 lr 1.97e-04 3.0 it/s skipped 0 bucket_mae 5.7729 n_num 4353.8600
  step  12300/30000 loss 0.7012 lr 1.96e-04 3.0 it/s skipped 0 bucket_mae 5.7868 n_num 4355.2000
  step  12350/30000 loss 0.7035 lr 1.96e-04 3.0 it/s skipped 0 bucket_mae 5.7170 n_num 4434.9400
  step  12400/30000 loss 0.6944 lr 1.95e-04 3.0 it/s skipped 0 bucket_mae 5.6625 n_num 4217.4000
  step  12450/30000 loss 0.6961 lr 1.94e-04 3.0 it/s skipped 0 bucket_mae 5.6714 n_num 4429.6800
  step  12500/30000 loss 0.7033 lr 1.93e-04 3.0 it/s skipped 0 bucket_mae 5.7726 n_num 4399.7800
  step  12550/30000 loss 0.7055 lr 1.93e-04 3.0 it/s skipped 0 bucket_mae 5.7075 n_num 4353.1600
  step  12600/30000 loss 0.6981 lr 1.92e-04 3.0 it/s skipped 0 bucket_mae 5.6908 n_num 4371.9400
  step  12650/30000 loss 0.6948 lr 1.91e-04 3.0 it/s skipped 0 bucket_mae 5.6834 n_num 4361.4400
  step  12700/30000 loss 0.6991 lr 1.90e-04 3.0 it/s skipped 0 bucket_mae 5.7580 n_num 4339.0000
  step  12750/30000 loss 0.7000 lr 1.89e-04 3.0 it/s skipped 0 bucket_mae 5.7044 n_num 4346.7400
  step  12800/30000 loss 0.6918 lr 1.89e-04 3.0 it/s skipped 0 bucket_mae 5.7371 n_num 4273.1000
  step  12850/30000 loss 0.6920 lr 1.88e-04 3.0 it/s skipped 0 bucket_mae 5.7092 n_num 4357.1600
  step  12900/30000 loss 0.6969 lr 1.87e-04 3.0 it/s skipped 0 bucket_mae 5.6784 n_num 4393.8400
  step  12950/30000 loss 0.7011 lr 1.86e-04 3.0 it/s skipped 0 bucket_mae 5.6542 n_num 4283.9800
  step  13000/30000 loss 0.6908 lr 1.86e-04 3.0 it/s skipped 0 bucket_mae 5.6481 n_num 4328.9200
  step  13050/30000 loss 0.6868 lr 1.85e-04 3.0 it/s skipped 0 bucket_mae 5.6457 n_num 4376.3600
  step  13100/30000 loss 0.6886 lr 1.84e-04 3.0 it/s skipped 0 bucket_mae 5.7111 n_num 4346.8200
  step  13150/30000 loss 0.6950 lr 1.83e-04 3.0 it/s skipped 0 bucket_mae 5.6853 n_num 4346.4800
  step  13200/30000 loss 0.6928 lr 1.82e-04 3.0 it/s skipped 0 bucket_mae 5.6716 n_num 4365.2400
  step  13250/30000 loss 0.6880 lr 1.82e-04 3.0 it/s skipped 0 bucket_mae 5.6822 n_num 4270.0200
  step  13300/30000 loss 0.6844 lr 1.81e-04 3.0 it/s skipped 0 bucket_mae 5.6321 n_num 4357.1200
  step  13350/30000 loss 0.6994 lr 1.80e-04 3.0 it/s skipped 0 bucket_mae 5.6943 n_num 4468.5400
  step  13400/30000 loss 0.6941 lr 1.79e-04 3.0 it/s skipped 0 bucket_mae 5.6601 n_num 4335.9800
  step  13450/30000 loss 0.6938 lr 1.79e-04 3.0 it/s skipped 0 bucket_mae 5.7408 n_num 4404.5600
  step  13500/30000 loss 0.6868 lr 1.78e-04 3.0 it/s skipped 0 bucket_mae 5.7004 n_num 4370.9000
  step  13550/30000 loss 0.6934 lr 1.77e-04 3.0 it/s skipped 0 bucket_mae 5.7544 n_num 4451.9400
  step  13600/30000 loss 0.6879 lr 1.76e-04 3.0 it/s skipped 0 bucket_mae 5.7582 n_num 4288.3600
  step  13650/30000 loss 0.6875 lr 1.75e-04 3.0 it/s skipped 0 bucket_mae 5.7059 n_num 4363.0800
  step  13700/30000 loss 0.6963 lr 1.75e-04 3.0 it/s skipped 0 bucket_mae 5.6954 n_num 4331.8400
  step  13750/30000 loss 0.6839 lr 1.74e-04 3.0 it/s skipped 0 bucket_mae 5.7119 n_num 4257.8400
  step  13800/30000 loss 0.6909 lr 1.73e-04 3.0 it/s skipped 0 bucket_mae 5.7696 n_num 4412.2000
  step  13850/30000 loss 0.6857 lr 1.72e-04 3.0 it/s skipped 0 bucket_mae 5.6159 n_num 4336.9000
  step  13900/30000 loss 0.6851 lr 1.71e-04 3.0 it/s skipped 0 bucket_mae 5.6611 n_num 4402.1800
  step  13950/30000 loss 0.6880 lr 1.71e-04 3.0 it/s skipped 0 bucket_mae 5.6554 n_num 4342.4600
  step  14000/30000 loss 0.6876 lr 1.70e-04 3.0 it/s skipped 0 bucket_mae 5.7796 n_num 4326.4400
  step  14050/30000 loss 0.6884 lr 1.69e-04 3.0 it/s skipped 0 bucket_mae 5.6834 n_num 4377.5600
  step  14100/30000 loss 0.6815 lr 1.68e-04 3.0 it/s skipped 0 bucket_mae 5.6304 n_num 4333.0400
  step  14150/30000 loss 0.6832 lr 1.68e-04 3.0 it/s skipped 0 bucket_mae 5.6573 n_num 4372.6800
  step  14200/30000 loss 0.6822 lr 1.67e-04 3.0 it/s skipped 0 bucket_mae 5.6647 n_num 4366.6200
  step  14250/30000 loss 0.6843 lr 1.66e-04 3.0 it/s skipped 0 bucket_mae 5.6167 n_num 4307.8000
  step  14300/30000 loss 0.6905 lr 1.65e-04 3.0 it/s skipped 0 bucket_mae 5.6150 n_num 4383.7800
  step  14350/30000 loss 0.6837 lr 1.64e-04 3.0 it/s skipped 0 bucket_mae 5.6370 n_num 4387.4000
  step  14400/30000 loss 0.6857 lr 1.64e-04 3.0 it/s skipped 0 bucket_mae 5.6853 n_num 4376.0200
  step  14450/30000 loss 0.6861 lr 1.63e-04 3.0 it/s skipped 0 bucket_mae 5.7077 n_num 4383.9200
  step  14500/30000 loss 0.6861 lr 1.62e-04 3.0 it/s skipped 0 bucket_mae 5.5644 n_num 4341.5600
  step  14550/30000 loss 0.6825 lr 1.61e-04 3.0 it/s skipped 0 bucket_mae 5.6212 n_num 4377.1400
  step  14600/30000 loss 0.6899 lr 1.60e-04 3.0 it/s skipped 0 bucket_mae 5.7256 n_num 4477.4600
  step  14650/30000 loss 0.6922 lr 1.60e-04 3.0 it/s skipped 0 bucket_mae 5.7571 n_num 4316.6200
  step  14700/30000 loss 0.6889 lr 1.59e-04 3.0 it/s skipped 0 bucket_mae 5.7242 n_num 4425.3000
  step  14750/30000 loss 0.6709 lr 1.58e-04 3.0 it/s skipped 0 bucket_mae 5.5947 n_num 4309.3000
  step  14800/30000 loss 0.6814 lr 1.57e-04 3.0 it/s skipped 0 bucket_mae 5.7331 n_num 4422.8200
  step  14850/30000 loss 0.6709 lr 1.56e-04 3.0 it/s skipped 0 bucket_mae 5.6919 n_num 4311.3000
  step  14900/30000 loss 0.6824 lr 1.56e-04 3.0 it/s skipped 0 bucket_mae 5.5393 n_num 4422.3800
  step  14950/30000 loss 0.6870 lr 1.55e-04 3.0 it/s skipped 0 bucket_mae 5.6056 n_num 4360.9000
  step  15000/30000 loss 0.6789 lr 1.54e-04 3.0 it/s skipped 0 bucket_mae 5.6605 n_num 4354.1000
  step  15050/30000 loss 0.6791 lr 1.53e-04 3.0 it/s skipped 0 bucket_mae 5.7263 n_num 4348.7600
  step  15100/30000 loss 0.6737 lr 1.52e-04 3.0 it/s skipped 0 bucket_mae 5.5436 n_num 4311.1200
  step  15150/30000 loss 0.6807 lr 1.52e-04 3.0 it/s skipped 0 bucket_mae 5.6800 n_num 4355.0200
  step  15200/30000 loss 0.6810 lr 1.51e-04 3.0 it/s skipped 0 bucket_mae 5.6814 n_num 4416.0200
  step  15250/30000 loss 0.6855 lr 1.50e-04 3.0 it/s skipped 0 bucket_mae 5.6444 n_num 4394.6800
  step  15300/30000 loss 0.6794 lr 1.49e-04 3.0 it/s skipped 0 bucket_mae 5.7522 n_num 4390.2600
  step  15350/30000 loss 0.6760 lr 1.48e-04 3.0 it/s skipped 0 bucket_mae 5.6720 n_num 4370.7800
  step  15400/30000 loss 0.6735 lr 1.48e-04 3.0 it/s skipped 0 bucket_mae 5.6973 n_num 4354.9200
  step  15450/30000 loss 0.6821 lr 1.47e-04 3.0 it/s skipped 0 bucket_mae 5.6464 n_num 4379.8200
  step  15500/30000 loss 0.6727 lr 1.46e-04 3.0 it/s skipped 0 bucket_mae 5.6315 n_num 4273.1000
  step  15550/30000 loss 0.6805 lr 1.45e-04 3.0 it/s skipped 0 bucket_mae 5.5908 n_num 4417.7200
  step  15600/30000 loss 0.6769 lr 1.44e-04 3.0 it/s skipped 0 bucket_mae 5.6337 n_num 4310.9400
  step  15650/30000 loss 0.6773 lr 1.44e-04 3.0 it/s skipped 0 bucket_mae 5.6650 n_num 4369.8000
  step  15700/30000 loss 0.6811 lr 1.43e-04 3.0 it/s skipped 0 bucket_mae 5.6549 n_num 4410.5400
  step  15750/30000 loss 0.6740 lr 1.42e-04 3.0 it/s skipped 0 bucket_mae 5.6230 n_num 4387.9400
  step  15800/30000 loss 0.6733 lr 1.41e-04 3.0 it/s skipped 0 bucket_mae 5.6540 n_num 4333.2800
  step  15850/30000 loss 0.6709 lr 1.40e-04 3.0 it/s skipped 0 bucket_mae 5.6341 n_num 4370.8000
  step  15900/30000 loss 0.6746 lr 1.40e-04 3.0 it/s skipped 0 bucket_mae 5.6898 n_num 4374.0000
  step  15950/30000 loss 0.6770 lr 1.39e-04 3.0 it/s skipped 0 bucket_mae 5.6857 n_num 4355.8600
  step  16000/30000 loss 0.6678 lr 1.38e-04 3.0 it/s skipped 0 bucket_mae 5.5638 n_num 4312.2800
  step  16050/30000 loss 0.6745 lr 1.37e-04 3.0 it/s skipped 0 bucket_mae 5.7184 n_num 4349.2800
  step  16100/30000 loss 0.6740 lr 1.36e-04 3.0 it/s skipped 0 bucket_mae 5.7801 n_num 4293.7000
  step  16150/30000 loss 0.6791 lr 1.36e-04 3.0 it/s skipped 0 bucket_mae 5.7181 n_num 4367.7800
  step  16200/30000 loss 0.6661 lr 1.35e-04 3.0 it/s skipped 0 bucket_mae 5.5989 n_num 4255.9200
  step  16250/30000 loss 0.6721 lr 1.34e-04 3.0 it/s skipped 0 bucket_mae 5.6639 n_num 4310.4600
  step  16300/30000 loss 0.6733 lr 1.33e-04 3.0 it/s skipped 0 bucket_mae 5.6822 n_num 4365.4400
  step  16350/30000 loss 0.6734 lr 1.32e-04 3.0 it/s skipped 0 bucket_mae 5.6363 n_num 4285.4200
  step  16400/30000 loss 0.6752 lr 1.32e-04 3.0 it/s skipped 0 bucket_mae 5.7496 n_num 4286.3400
  step  16450/30000 loss 0.6726 lr 1.31e-04 3.0 it/s skipped 0 bucket_mae 5.6289 n_num 4374.8800
  step  16500/30000 loss 0.6759 lr 1.30e-04 3.0 it/s skipped 0 bucket_mae 5.6516 n_num 4373.0000
  step  16550/30000 loss 0.6721 lr 1.29e-04 3.0 it/s skipped 0 bucket_mae 5.7148 n_num 4343.1000
  step  16600/30000 loss 0.6657 lr 1.29e-04 3.0 it/s skipped 0 bucket_mae 5.6015 n_num 4277.6200
  step  16650/30000 loss 0.6698 lr 1.28e-04 3.0 it/s skipped 0 bucket_mae 5.6006 n_num 4447.6000
  step  16700/30000 loss 0.6699 lr 1.27e-04 3.0 it/s skipped 0 bucket_mae 5.6871 n_num 4369.2000
  step  16750/30000 loss 0.6730 lr 1.26e-04 3.0 it/s skipped 0 bucket_mae 5.6600 n_num 4323.4800
  step  16800/30000 loss 0.6697 lr 1.25e-04 3.0 it/s skipped 0 bucket_mae 5.6651 n_num 4380.0400
  step  16850/30000 loss 0.6684 lr 1.25e-04 3.0 it/s skipped 0 bucket_mae 5.7123 n_num 4439.2400
  step  16900/30000 loss 0.6702 lr 1.24e-04 3.0 it/s skipped 0 bucket_mae 5.6757 n_num 4336.2000
  step  16950/30000 loss 0.6705 lr 1.23e-04 3.0 it/s skipped 0 bucket_mae 5.6277 n_num 4326.3200
  step  17000/30000 loss 0.6714 lr 1.22e-04 3.0 it/s skipped 0 bucket_mae 5.6946 n_num 4305.8200
  step  17050/30000 loss 0.6602 lr 1.21e-04 3.0 it/s skipped 0 bucket_mae 5.5694 n_num 4417.3400
  step  17100/30000 loss 0.6627 lr 1.21e-04 3.0 it/s skipped 0 bucket_mae 5.5666 n_num 4294.2800
  step  17150/30000 loss 0.6716 lr 1.20e-04 3.0 it/s skipped 0 bucket_mae 5.7139 n_num 4424.7800
  step  17200/30000 loss 0.6623 lr 1.19e-04 3.0 it/s skipped 0 bucket_mae 5.5704 n_num 4373.5600
  step  17250/30000 loss 0.6749 lr 1.18e-04 3.0 it/s skipped 0 bucket_mae 5.7756 n_num 4350.9400
  step  17300/30000 loss 0.6619 lr 1.18e-04 3.0 it/s skipped 0 bucket_mae 5.6308 n_num 4285.1200
  step  17350/30000 loss 0.6648 lr 1.17e-04 3.0 it/s skipped 0 bucket_mae 5.6259 n_num 4344.7600
  step  17400/30000 loss 0.6675 lr 1.16e-04 3.0 it/s skipped 0 bucket_mae 5.6715 n_num 4350.8800
  step  17450/30000 loss 0.6653 lr 1.15e-04 3.0 it/s skipped 0 bucket_mae 5.7110 n_num 4317.9800
  step  17500/30000 loss 0.6707 lr 1.14e-04 3.0 it/s skipped 0 bucket_mae 5.7178 n_num 4384.7200
  step  17550/30000 loss 0.6636 lr 1.14e-04 3.0 it/s skipped 0 bucket_mae 5.6806 n_num 4341.6000
  step  17600/30000 loss 0.6611 lr 1.13e-04 3.0 it/s skipped 0 bucket_mae 5.6373 n_num 4342.4000
  step  17650/30000 loss 0.6608 lr 1.12e-04 3.0 it/s skipped 0 bucket_mae 5.5916 n_num 4247.7600
  step  17700/30000 loss 0.6594 lr 1.11e-04 3.0 it/s skipped 0 bucket_mae 5.6207 n_num 4268.5000
  step  17750/30000 loss 0.6590 lr 1.11e-04 3.0 it/s skipped 0 bucket_mae 5.6214 n_num 4356.9000
  step  17800/30000 loss 0.6674 lr 1.10e-04 3.0 it/s skipped 0 bucket_mae 5.5717 n_num 4425.7800
  step  17850/30000 loss 0.6658 lr 1.09e-04 3.0 it/s skipped 0 bucket_mae 5.6517 n_num 4320.5400
  step  17900/30000 loss 0.6658 lr 1.08e-04 3.0 it/s skipped 0 bucket_mae 5.6132 n_num 4459.2000
  step  17950/30000 loss 0.6659 lr 1.07e-04 3.0 it/s skipped 0 bucket_mae 5.7067 n_num 4303.4000
  step  18000/30000 loss 0.6622 lr 1.07e-04 3.0 it/s skipped 0 bucket_mae 5.6377 n_num 4331.7800
  step  18050/30000 loss 0.6566 lr 1.06e-04 3.0 it/s skipped 0 bucket_mae 5.5715 n_num 4265.9200
  step  18100/30000 loss 0.6626 lr 1.05e-04 3.0 it/s skipped 0 bucket_mae 5.6844 n_num 4316.9400
  step  18150/30000 loss 0.6584 lr 1.04e-04 3.0 it/s skipped 0 bucket_mae 5.5423 n_num 4299.2200
  step  18200/30000 loss 0.6614 lr 1.04e-04 3.0 it/s skipped 0 bucket_mae 5.6133 n_num 4379.7400
  step  18250/30000 loss 0.6516 lr 1.03e-04 3.0 it/s skipped 0 bucket_mae 5.5440 n_num 4362.3000
  step  18300/30000 loss 0.6555 lr 1.02e-04 3.0 it/s skipped 0 bucket_mae 5.5798 n_num 4347.7600
  step  18350/30000 loss 0.6676 lr 1.01e-04 3.0 it/s skipped 0 bucket_mae 5.7197 n_num 4378.5400
  step  18400/30000 loss 0.6662 lr 1.01e-04 3.0 it/s skipped 0 bucket_mae 5.6931 n_num 4333.1800
  step  18450/30000 loss 0.6518 lr 9.99e-05 3.0 it/s skipped 0 bucket_mae 5.6976 n_num 4267.1000
  step  18500/30000 loss 0.6606 lr 9.91e-05 3.0 it/s skipped 0 bucket_mae 5.5820 n_num 4353.2400
  step  18550/30000 loss 0.6601 lr 9.84e-05 3.0 it/s skipped 0 bucket_mae 5.6245 n_num 4413.7000
  step  18600/30000 loss 0.6568 lr 9.76e-05 3.0 it/s skipped 0 bucket_mae 5.6296 n_num 4163.9600
  step  18650/30000 loss 0.6573 lr 9.69e-05 3.0 it/s skipped 0 bucket_mae 5.5818 n_num 4397.1600
  step  18700/30000 loss 0.6542 lr 9.61e-05 3.0 it/s skipped 0 bucket_mae 5.6297 n_num 4299.1400
  step  18750/30000 loss 0.6591 lr 9.54e-05 3.0 it/s skipped 0 bucket_mae 5.6192 n_num 4450.6000
  step  18800/30000 loss 0.6553 lr 9.46e-05 3.0 it/s skipped 0 bucket_mae 5.5972 n_num 4290.9800
  step  18850/30000 loss 0.6592 lr 9.39e-05 3.0 it/s skipped 0 bucket_mae 5.5540 n_num 4342.5600
  step  18900/30000 loss 0.6610 lr 9.32e-05 3.0 it/s skipped 0 bucket_mae 5.6395 n_num 4377.2000
  step  18950/30000 loss 0.6602 lr 9.24e-05 3.0 it/s skipped 0 bucket_mae 5.5776 n_num 4343.7600
  step  19000/30000 loss 0.6555 lr 9.17e-05 3.0 it/s skipped 0 bucket_mae 5.5362 n_num 4453.5200
  step  19050/30000 loss 0.6606 lr 9.09e-05 3.0 it/s skipped 0 bucket_mae 5.6325 n_num 4375.4200
  step  19100/30000 loss 0.6575 lr 9.02e-05 3.0 it/s skipped 0 bucket_mae 5.6216 n_num 4351.2000
  step  19150/30000 loss 0.6639 lr 8.95e-05 3.0 it/s skipped 0 bucket_mae 5.6041 n_num 4390.4600
  step  19200/30000 loss 0.6646 lr 8.87e-05 3.0 it/s skipped 0 bucket_mae 5.6639 n_num 4444.9600
  step  19250/30000 loss 0.6681 lr 8.80e-05 3.0 it/s skipped 0 bucket_mae 5.6531 n_num 4425.9800
  step  19300/30000 loss 0.6561 lr 8.73e-05 3.0 it/s skipped 0 bucket_mae 5.4700 n_num 4421.8600
  step  19350/30000 loss 0.6562 lr 8.66e-05 3.0 it/s skipped 0 bucket_mae 5.6080 n_num 4329.1200
  step  19400/30000 loss 0.6566 lr 8.58e-05 3.0 it/s skipped 0 bucket_mae 5.6416 n_num 4359.2400
  step  19450/30000 loss 0.6634 lr 8.51e-05 3.0 it/s skipped 0 bucket_mae 5.6420 n_num 4373.2200
  step  19500/30000 loss 0.6566 lr 8.44e-05 3.0 it/s skipped 0 bucket_mae 5.6206 n_num 4400.6600
  step  19550/30000 loss 0.6514 lr 8.37e-05 3.0 it/s skipped 0 bucket_mae 5.5950 n_num 4377.3600
  step  19600/30000 loss 0.6579 lr 8.30e-05 3.0 it/s skipped 0 bucket_mae 5.5869 n_num 4303.2800
  step  19650/30000 loss 0.6524 lr 8.23e-05 3.0 it/s skipped 0 bucket_mae 5.6484 n_num 4309.5000
  step  19700/30000 loss 0.6533 lr 8.15e-05 3.0 it/s skipped 0 bucket_mae 5.6071 n_num 4384.5400
  step  19750/30000 loss 0.6509 lr 8.08e-05 3.0 it/s skipped 0 bucket_mae 5.6632 n_num 4361.8600
  step  19800/30000 loss 0.6537 lr 8.01e-05 3.0 it/s skipped 0 bucket_mae 5.5862 n_num 4326.3800
  step  19850/30000 loss 0.6553 lr 7.94e-05 3.0 it/s skipped 0 bucket_mae 5.6063 n_num 4405.5000
  step  19900/30000 loss 0.6530 lr 7.87e-05 3.0 it/s skipped 0 bucket_mae 5.6581 n_num 4289.0200
  step  19950/30000 loss 0.6531 lr 7.80e-05 3.0 it/s skipped 0 bucket_mae 5.6001 n_num 4319.7200
  step  20000/30000 loss 0.6545 lr 7.73e-05 3.0 it/s skipped 0 bucket_mae 5.6683 n_num 4357.0000
  step  20050/30000 loss 0.6561 lr 7.66e-05 3.0 it/s skipped 0 bucket_mae 5.6545 n_num 4302.7800
  step  20100/30000 loss 0.6538 lr 7.59e-05 3.0 it/s skipped 0 bucket_mae 5.5888 n_num 4297.6400
  step  20150/30000 loss 0.6522 lr 7.52e-05 3.0 it/s skipped 0 bucket_mae 5.5896 n_num 4331.7600
  step  20200/30000 loss 0.6528 lr 7.45e-05 3.0 it/s skipped 0 bucket_mae 5.6510 n_num 4382.3800
  step  20250/30000 loss 0.6538 lr 7.39e-05 3.0 it/s skipped 0 bucket_mae 5.5971 n_num 4357.4600
  step  20300/30000 loss 0.6519 lr 7.32e-05 3.0 it/s skipped 0 bucket_mae 5.5978 n_num 4338.4400
  step  20350/30000 loss 0.6510 lr 7.25e-05 3.0 it/s skipped 0 bucket_mae 5.5498 n_num 4330.6000
  step  20400/30000 loss 0.6529 lr 7.18e-05 3.0 it/s skipped 0 bucket_mae 5.6200 n_num 4358.1600
  step  20450/30000 loss 0.6557 lr 7.11e-05 3.0 it/s skipped 0 bucket_mae 5.6179 n_num 4427.9800
  step  20500/30000 loss 0.6605 lr 7.04e-05 3.0 it/s skipped 0 bucket_mae 5.6403 n_num 4332.7200
  step  20550/30000 loss 0.6462 lr 6.98e-05 3.0 it/s skipped 0 bucket_mae 5.6623 n_num 4335.7600
  step  20600/30000 loss 0.6566 lr 6.91e-05 3.0 it/s skipped 0 bucket_mae 5.5930 n_num 4311.9600
  step  20650/30000 loss 0.6501 lr 6.84e-05 3.0 it/s skipped 0 bucket_mae 5.6643 n_num 4477.5200
  step  20700/30000 loss 0.6570 lr 6.77e-05 3.0 it/s skipped 0 bucket_mae 5.5540 n_num 4386.3000
  step  20750/30000 loss 0.6447 lr 6.71e-05 3.0 it/s skipped 0 bucket_mae 5.5933 n_num 4332.2200
  step  20800/30000 loss 0.6611 lr 6.64e-05 3.0 it/s skipped 0 bucket_mae 5.6528 n_num 4417.5000
  step  20850/30000 loss 0.6501 lr 6.58e-05 3.0 it/s skipped 0 bucket_mae 5.6676 n_num 4349.9400
  step  20900/30000 loss 0.6485 lr 6.51e-05 3.0 it/s skipped 0 bucket_mae 5.5405 n_num 4303.2800
  step  20950/30000 loss 0.6513 lr 6.44e-05 3.0 it/s skipped 0 bucket_mae 5.5529 n_num 4371.0200
  step  21000/30000 loss 0.6480 lr 6.38e-05 3.0 it/s skipped 0 bucket_mae 5.6203 n_num 4362.2400
  step  21050/30000 loss 0.6495 lr 6.31e-05 3.0 it/s skipped 0 bucket_mae 5.6905 n_num 4304.1200
  step  21100/30000 loss 0.6498 lr 6.25e-05 3.0 it/s skipped 0 bucket_mae 5.6016 n_num 4347.9000
  step  21150/30000 loss 0.6497 lr 6.18e-05 3.0 it/s skipped 0 bucket_mae 5.6440 n_num 4396.1800
  step  21200/30000 loss 0.6454 lr 6.12e-05 3.0 it/s skipped 0 bucket_mae 5.5768 n_num 4313.4000
  step  21250/30000 loss 0.6444 lr 6.05e-05 3.0 it/s skipped 0 bucket_mae 5.5921 n_num 4340.3200
  step  21300/30000 loss 0.6480 lr 5.99e-05 3.0 it/s skipped 0 bucket_mae 5.6456 n_num 4335.8000
  step  21350/30000 loss 0.6448 lr 5.93e-05 3.0 it/s skipped 0 bucket_mae 5.5743 n_num 4328.9200
  step  21400/30000 loss 0.6485 lr 5.86e-05 3.0 it/s skipped 0 bucket_mae 5.6618 n_num 4221.1600
  step  21450/30000 loss 0.6446 lr 5.80e-05 3.0 it/s skipped 0 bucket_mae 5.5847 n_num 4360.2400
  step  21500/30000 loss 0.6449 lr 5.74e-05 3.0 it/s skipped 0 bucket_mae 5.6073 n_num 4323.0400
  step  21550/30000 loss 0.6482 lr 5.67e-05 3.0 it/s skipped 0 bucket_mae 5.6265 n_num 4399.6000
  step  21600/30000 loss 0.6480 lr 5.61e-05 3.0 it/s skipped 0 bucket_mae 5.5666 n_num 4301.6000
  step  21650/30000 loss 0.6474 lr 5.55e-05 3.0 it/s skipped 0 bucket_mae 5.5549 n_num 4389.3000
  step  21700/30000 loss 0.6490 lr 5.49e-05 3.0 it/s skipped 0 bucket_mae 5.5472 n_num 4351.1600
  step  21750/30000 loss 0.6473 lr 5.43e-05 3.0 it/s skipped 0 bucket_mae 5.6287 n_num 4277.5400
  step  21800/30000 loss 0.6448 lr 5.36e-05 3.0 it/s skipped 0 bucket_mae 5.5605 n_num 4305.9400
  step  21850/30000 loss 0.6469 lr 5.30e-05 3.0 it/s skipped 0 bucket_mae 5.5577 n_num 4385.8400
  step  21900/30000 loss 0.6453 lr 5.24e-05 3.0 it/s skipped 0 bucket_mae 5.5939 n_num 4375.1000
  step  21950/30000 loss 0.6492 lr 5.18e-05 3.0 it/s skipped 0 bucket_mae 5.5712 n_num 4407.4200
  step  22000/30000 loss 0.6492 lr 5.12e-05 3.0 it/s skipped 0 bucket_mae 5.6267 n_num 4376.7200
  step  22050/30000 loss 0.6491 lr 5.06e-05 3.0 it/s skipped 0 bucket_mae 5.5738 n_num 4315.2000
  step  22100/30000 loss 0.6491 lr 5.00e-05 3.0 it/s skipped 0 bucket_mae 5.6426 n_num 4415.5800
  step  22150/30000 loss 0.6455 lr 4.94e-05 3.0 it/s skipped 0 bucket_mae 5.5770 n_num 4383.7400
  step  22200/30000 loss 0.6389 lr 4.88e-05 3.0 it/s skipped 0 bucket_mae 5.5137 n_num 4336.6400
  step  22250/30000 loss 0.6503 lr 4.83e-05 3.0 it/s skipped 0 bucket_mae 5.5752 n_num 4428.3400
  step  22300/30000 loss 0.6491 lr 4.77e-05 3.0 it/s skipped 0 bucket_mae 5.5551 n_num 4402.8400
  step  22350/30000 loss 0.6460 lr 4.71e-05 3.0 it/s skipped 0 bucket_mae 5.5965 n_num 4358.9200
  step  22400/30000 loss 0.6482 lr 4.65e-05 3.0 it/s skipped 0 bucket_mae 5.6060 n_num 4423.7600
  step  22450/30000 loss 0.6448 lr 4.59e-05 3.0 it/s skipped 0 bucket_mae 5.6359 n_num 4332.2000
  step  22500/30000 loss 0.6472 lr 4.54e-05 3.0 it/s skipped 0 bucket_mae 5.5830 n_num 4316.5000
  step  22550/30000 loss 0.6502 lr 4.48e-05 3.0 it/s skipped 0 bucket_mae 5.6372 n_num 4373.8800
  step  22600/30000 loss 0.6460 lr 4.42e-05 3.0 it/s skipped 0 bucket_mae 5.6211 n_num 4434.0800
  step  22650/30000 loss 0.6439 lr 4.37e-05 3.0 it/s skipped 0 bucket_mae 5.5921 n_num 4282.9200
  step  22700/30000 loss 0.6366 lr 4.31e-05 3.0 it/s skipped 0 bucket_mae 5.6348 n_num 4368.3600
  step  22750/30000 loss 0.6451 lr 4.25e-05 3.0 it/s skipped 0 bucket_mae 5.6468 n_num 4194.8200
  step  22800/30000 loss 0.6474 lr 4.20e-05 3.0 it/s skipped 0 bucket_mae 5.6176 n_num 4302.3800
  step  22850/30000 loss 0.6452 lr 4.14e-05 3.0 it/s skipped 0 bucket_mae 5.5828 n_num 4402.2200
  step  22900/30000 loss 0.6505 lr 4.09e-05 3.0 it/s skipped 0 bucket_mae 5.5745 n_num 4465.2000
  step  22950/30000 loss 0.6522 lr 4.03e-05 3.0 it/s skipped 0 bucket_mae 5.6884 n_num 4352.4400
  step  23000/30000 loss 0.6410 lr 3.98e-05 3.0 it/s skipped 0 bucket_mae 5.5503 n_num 4474.9200
  step  23050/30000 loss 0.6310 lr 3.92e-05 3.0 it/s skipped 0 bucket_mae 5.6382 n_num 4331.2400
  step  23100/30000 loss 0.6416 lr 3.87e-05 3.0 it/s skipped 0 bucket_mae 5.6015 n_num 4322.3800
  step  23150/30000 loss 0.6469 lr 3.82e-05 3.0 it/s skipped 0 bucket_mae 5.6022 n_num 4301.6800
  step  23200/30000 loss 0.6482 lr 3.76e-05 3.0 it/s skipped 0 bucket_mae 5.5683 n_num 4481.2600
  step  23250/30000 loss 0.6418 lr 3.71e-05 3.0 it/s skipped 0 bucket_mae 5.6049 n_num 4279.7600
  step  23300/30000 loss 0.6406 lr 3.66e-05 3.0 it/s skipped 0 bucket_mae 5.6066 n_num 4383.8000
  step  23350/30000 loss 0.6427 lr 3.61e-05 3.0 it/s skipped 0 bucket_mae 5.5274 n_num 4276.9600
  step  23400/30000 loss 0.6351 lr 3.56e-05 3.0 it/s skipped 0 bucket_mae 5.6214 n_num 4293.7400
  step  23450/30000 loss 0.6413 lr 3.50e-05 3.0 it/s skipped 0 bucket_mae 5.5735 n_num 4314.3000
  step  23500/30000 loss 0.6451 lr 3.45e-05 3.0 it/s skipped 0 bucket_mae 5.5810 n_num 4359.6200
  step  23550/30000 loss 0.6353 lr 3.40e-05 3.0 it/s skipped 0 bucket_mae 5.5758 n_num 4305.5400
  step  23600/30000 loss 0.6449 lr 3.35e-05 3.0 it/s skipped 0 bucket_mae 5.5412 n_num 4389.9600
  step  23650/30000 loss 0.6401 lr 3.30e-05 3.0 it/s skipped 0 bucket_mae 5.5558 n_num 4371.2000
  step  23700/30000 loss 0.6391 lr 3.25e-05 3.0 it/s skipped 0 bucket_mae 5.5365 n_num 4359.1400
  step  23750/30000 loss 0.6476 lr 3.20e-05 3.0 it/s skipped 0 bucket_mae 5.6319 n_num 4349.9600
  step  23800/30000 loss 0.6404 lr 3.15e-05 3.0 it/s skipped 0 bucket_mae 5.5836 n_num 4394.7000
  step  23850/30000 loss 0.6379 lr 3.10e-05 3.0 it/s skipped 0 bucket_mae 5.5421 n_num 4310.4800
  step  23900/30000 loss 0.6476 lr 3.06e-05 3.0 it/s skipped 0 bucket_mae 5.5799 n_num 4354.3800
  step  23950/30000 loss 0.6452 lr 3.01e-05 3.0 it/s skipped 0 bucket_mae 5.6147 n_num 4384.2000
  step  24000/30000 loss 0.6378 lr 2.96e-05 3.0 it/s skipped 0 bucket_mae 5.6025 n_num 4365.8200
  step  24050/30000 loss 0.6482 lr 2.91e-05 3.0 it/s skipped 0 bucket_mae 5.5922 n_num 4332.1400
  step  24100/30000 loss 0.6426 lr 2.86e-05 3.0 it/s skipped 0 bucket_mae 5.5045 n_num 4362.9600
  step  24150/30000 loss 0.6410 lr 2.82e-05 3.0 it/s skipped 0 bucket_mae 5.5470 n_num 4390.3400
  step  24200/30000 loss 0.6472 lr 2.77e-05 3.0 it/s skipped 0 bucket_mae 5.5831 n_num 4368.7600
  step  24250/30000 loss 0.6356 lr 2.73e-05 3.0 it/s skipped 0 bucket_mae 5.5643 n_num 4346.5600
  step  24300/30000 loss 0.6421 lr 2.68e-05 3.0 it/s skipped 0 bucket_mae 5.5575 n_num 4328.9400
  step  24350/30000 loss 0.6451 lr 2.63e-05 3.0 it/s skipped 0 bucket_mae 5.6315 n_num 4445.2400
  step  24400/30000 loss 0.6362 lr 2.59e-05 3.0 it/s skipped 0 bucket_mae 5.5922 n_num 4380.4600
  step  24450/30000 loss 0.6330 lr 2.54e-05 3.0 it/s skipped 0 bucket_mae 5.5408 n_num 4246.6200
  step  24500/30000 loss 0.6386 lr 2.50e-05 3.0 it/s skipped 0 bucket_mae 5.5719 n_num 4319.5200
  step  24550/30000 loss 0.6371 lr 2.46e-05 3.0 it/s skipped 0 bucket_mae 5.5405 n_num 4272.3600
  step  24600/30000 loss 0.6408 lr 2.41e-05 3.0 it/s skipped 0 bucket_mae 5.6132 n_num 4432.8400
  step  24650/30000 loss 0.6396 lr 2.37e-05 3.0 it/s skipped 0 bucket_mae 5.5839 n_num 4362.7400
  step  24700/30000 loss 0.6375 lr 2.33e-05 3.0 it/s skipped 0 bucket_mae 5.6053 n_num 4343.4800
  step  24750/30000 loss 0.6375 lr 2.28e-05 3.0 it/s skipped 0 bucket_mae 5.5565 n_num 4336.0400
  step  24800/30000 loss 0.6359 lr 2.24e-05 3.0 it/s skipped 0 bucket_mae 5.5019 n_num 4431.2400
  step  24850/30000 loss 0.6356 lr 2.20e-05 3.0 it/s skipped 0 bucket_mae 5.5870 n_num 4215.8000
  step  24900/30000 loss 0.6382 lr 2.16e-05 3.0 it/s skipped 0 bucket_mae 5.5025 n_num 4387.1400
  step  24950/30000 loss 0.6417 lr 2.12e-05 3.0 it/s skipped 0 bucket_mae 5.5779 n_num 4406.3800
  step  25000/30000 loss 0.6363 lr 2.08e-05 3.0 it/s skipped 0 bucket_mae 5.6105 n_num 4382.9000
  step  25050/30000 loss 0.6429 lr 2.04e-05 3.0 it/s skipped 0 bucket_mae 5.5260 n_num 4381.6000
  step  25100/30000 loss 0.6434 lr 2.00e-05 3.0 it/s skipped 0 bucket_mae 5.5905 n_num 4358.3200
  step  25150/30000 loss 0.6397 lr 1.96e-05 3.0 it/s skipped 0 bucket_mae 5.5588 n_num 4330.6400
  step  25200/30000 loss 0.6354 lr 1.92e-05 3.0 it/s skipped 0 bucket_mae 5.6076 n_num 4321.5600
  step  25250/30000 loss 0.6438 lr 1.88e-05 3.0 it/s skipped 0 bucket_mae 5.6619 n_num 4353.5600
  step  25300/30000 loss 0.6284 lr 1.84e-05 3.0 it/s skipped 0 bucket_mae 5.6028 n_num 4298.7000
  step  25350/30000 loss 0.6386 lr 1.80e-05 3.0 it/s skipped 0 bucket_mae 5.5563 n_num 4364.9000
  step  25400/30000 loss 0.6365 lr 1.76e-05 3.0 it/s skipped 0 bucket_mae 5.5665 n_num 4370.9600
  step  25450/30000 loss 0.6420 lr 1.73e-05 3.0 it/s skipped 0 bucket_mae 5.5767 n_num 4276.8600
  step  25500/30000 loss 0.6338 lr 1.69e-05 3.0 it/s skipped 0 bucket_mae 5.5438 n_num 4355.7600
  step  25550/30000 loss 0.6407 lr 1.65e-05 3.0 it/s skipped 0 bucket_mae 5.5464 n_num 4469.6000
  step  25600/30000 loss 0.6407 lr 1.62e-05 3.0 it/s skipped 0 bucket_mae 5.5522 n_num 4477.2400
  step  25650/30000 loss 0.6385 lr 1.58e-05 3.0 it/s skipped 0 bucket_mae 5.5955 n_num 4380.7800
  step  25700/30000 loss 0.6347 lr 1.55e-05 3.0 it/s skipped 0 bucket_mae 5.5826 n_num 4339.1800
  step  25750/30000 loss 0.6381 lr 1.51e-05 3.0 it/s skipped 0 bucket_mae 5.6193 n_num 4406.9200
  step  25800/30000 loss 0.6355 lr 1.48e-05 3.0 it/s skipped 0 bucket_mae 5.5412 n_num 4346.3800
  step  25850/30000 loss 0.6385 lr 1.44e-05 3.0 it/s skipped 0 bucket_mae 5.5369 n_num 4438.2800
  step  25900/30000 loss 0.6328 lr 1.41e-05 3.0 it/s skipped 0 bucket_mae 5.5832 n_num 4245.9600
  step  25950/30000 loss 0.6309 lr 1.37e-05 3.0 it/s skipped 0 bucket_mae 5.5879 n_num 4296.8200
  step  26000/30000 loss 0.6367 lr 1.34e-05 3.0 it/s skipped 0 bucket_mae 5.5536 n_num 4362.3800
  step  26050/30000 loss 0.6361 lr 1.31e-05 3.0 it/s skipped 0 bucket_mae 5.5605 n_num 4363.8200
  step  26100/30000 loss 0.6357 lr 1.28e-05 3.0 it/s skipped 0 bucket_mae 5.5760 n_num 4349.6000
  step  26150/30000 loss 0.6379 lr 1.24e-05 3.0 it/s skipped 0 bucket_mae 5.5527 n_num 4409.5800
  step  26200/30000 loss 0.6434 lr 1.21e-05 3.0 it/s skipped 0 bucket_mae 5.6218 n_num 4307.4600
  step  26250/30000 loss 0.6318 lr 1.18e-05 3.0 it/s skipped 0 bucket_mae 5.5934 n_num 4342.9000
  step  26300/30000 loss 0.6397 lr 1.15e-05 3.0 it/s skipped 0 bucket_mae 5.5848 n_num 4335.5000
  step  26350/30000 loss 0.6404 lr 1.12e-05 3.0 it/s skipped 0 bucket_mae 5.6030 n_num 4423.2000
  step  26400/30000 loss 0.6376 lr 1.09e-05 3.0 it/s skipped 0 bucket_mae 5.5839 n_num 4330.5800
  step  26450/30000 loss 0.6358 lr 1.06e-05 3.0 it/s skipped 0 bucket_mae 5.5257 n_num 4334.9800
  step  26500/30000 loss 0.6408 lr 1.03e-05 3.0 it/s skipped 0 bucket_mae 5.6079 n_num 4332.6600
  step  26550/30000 loss 0.6362 lr 1.00e-05 3.0 it/s skipped 0 bucket_mae 5.6556 n_num 4374.4000
  step  26600/30000 loss 0.6368 lr 9.73e-06 3.0 it/s skipped 0 bucket_mae 5.6343 n_num 4440.0600
  step  26650/30000 loss 0.6370 lr 9.44e-06 3.0 it/s skipped 0 bucket_mae 5.6074 n_num 4349.0400
  step  26700/30000 loss 0.6340 lr 9.17e-06 3.0 it/s skipped 0 bucket_mae 5.5230 n_num 4354.2600
  step  26750/30000 loss 0.6377 lr 8.89e-06 3.0 it/s skipped 0 bucket_mae 5.5307 n_num 4382.0200
  step  26800/30000 loss 0.6326 lr 8.63e-06 3.0 it/s skipped 0 bucket_mae 5.5657 n_num 4229.4400
  step  26850/30000 loss 0.6293 lr 8.36e-06 3.0 it/s skipped 0 bucket_mae 5.5265 n_num 4287.8800
  step  26900/30000 loss 0.6356 lr 8.10e-06 3.0 it/s skipped 0 bucket_mae 5.5681 n_num 4352.7600
  step  26950/30000 loss 0.6348 lr 7.84e-06 3.0 it/s skipped 0 bucket_mae 5.4712 n_num 4349.2800
  step  27000/30000 loss 0.6391 lr 7.59e-06 3.0 it/s skipped 0 bucket_mae 5.5314 n_num 4341.2400
  step  27050/30000 loss 0.6342 lr 7.34e-06 3.0 it/s skipped 0 bucket_mae 5.5677 n_num 4363.1200
  step  27100/30000 loss 0.6388 lr 7.10e-06 3.0 it/s skipped 0 bucket_mae 5.5856 n_num 4424.7200
  step  27150/30000 loss 0.6386 lr 6.86e-06 3.0 it/s skipped 0 bucket_mae 5.5723 n_num 4415.9200
  step  27200/30000 loss 0.6356 lr 6.62e-06 3.0 it/s skipped 0 bucket_mae 5.6109 n_num 4316.7400
  step  27250/30000 loss 0.6332 lr 6.39e-06 3.0 it/s skipped 0 bucket_mae 5.5209 n_num 4358.2000
  step  27300/30000 loss 0.6354 lr 6.16e-06 3.0 it/s skipped 0 bucket_mae 5.6126 n_num 4394.7200
  step  27350/30000 loss 0.6403 lr 5.93e-06 3.0 it/s skipped 0 bucket_mae 5.5282 n_num 4419.2200
  step  27400/30000 loss 0.6325 lr 5.71e-06 3.0 it/s skipped 0 bucket_mae 5.5614 n_num 4337.3800
  step  27450/30000 loss 0.6377 lr 5.50e-06 3.0 it/s skipped 0 bucket_mae 5.5483 n_num 4478.7800
  step  27500/30000 loss 0.6396 lr 5.28e-06 3.0 it/s skipped 0 bucket_mae 5.5094 n_num 4406.0600
  step  27550/30000 loss 0.6352 lr 5.08e-06 3.0 it/s skipped 0 bucket_mae 5.5776 n_num 4374.5400
  step  27600/30000 loss 0.6374 lr 4.87e-06 3.0 it/s skipped 0 bucket_mae 5.5852 n_num 4352.7200
  step  27650/30000 loss 0.6305 lr 4.67e-06 3.0 it/s skipped 0 bucket_mae 5.4904 n_num 4401.5800
  step  27700/30000 loss 0.6368 lr 4.48e-06 3.0 it/s skipped 0 bucket_mae 5.6368 n_num 4406.2600
  step  27750/30000 loss 0.6370 lr 4.29e-06 3.0 it/s skipped 0 bucket_mae 5.5195 n_num 4349.3000
  step  27800/30000 loss 0.6335 lr 4.10e-06 3.0 it/s skipped 0 bucket_mae 5.4172 n_num 4325.7000
  step  27850/30000 loss 0.6388 lr 3.91e-06 3.0 it/s skipped 0 bucket_mae 5.5880 n_num 4398.2000
  step  27900/30000 loss 0.6357 lr 3.74e-06 3.0 it/s skipped 0 bucket_mae 5.5087 n_num 4447.4000
  step  27950/30000 loss 0.6341 lr 3.56e-06 3.0 it/s skipped 0 bucket_mae 5.5582 n_num 4268.0000
  step  28000/30000 loss 0.6330 lr 3.39e-06 3.0 it/s skipped 0 bucket_mae 5.5218 n_num 4369.8600
  step  28050/30000 loss 0.6460 lr 3.22e-06 3.0 it/s skipped 0 bucket_mae 5.5460 n_num 4518.6000
  step  28100/30000 loss 0.6351 lr 3.06e-06 3.0 it/s skipped 0 bucket_mae 5.5965 n_num 4328.1400
  step  28150/30000 loss 0.6355 lr 2.90e-06 3.0 it/s skipped 0 bucket_mae 5.5739 n_num 4340.5000
  step  28200/30000 loss 0.6361 lr 2.75e-06 3.0 it/s skipped 0 bucket_mae 5.5349 n_num 4332.4000
  step  28250/30000 loss 0.6331 lr 2.60e-06 3.0 it/s skipped 0 bucket_mae 5.6239 n_num 4352.3600
  step  28300/30000 loss 0.6341 lr 2.45e-06 3.0 it/s skipped 0 bucket_mae 5.5354 n_num 4378.6000
  step  28350/30000 loss 0.6414 lr 2.31e-06 3.0 it/s skipped 0 bucket_mae 5.6136 n_num 4358.7200
  step  28400/30000 loss 0.6317 lr 2.17e-06 3.0 it/s skipped 0 bucket_mae 5.5893 n_num 4272.7800
  step  28450/30000 loss 0.6363 lr 2.04e-06 3.0 it/s skipped 0 bucket_mae 5.5425 n_num 4436.7600
  step  28500/30000 loss 0.6424 lr 1.91e-06 3.0 it/s skipped 0 bucket_mae 5.5815 n_num 4516.6000
  step  28550/30000 loss 0.6357 lr 1.78e-06 3.0 it/s skipped 0 bucket_mae 5.6346 n_num 4263.3600
  step  28600/30000 loss 0.6375 lr 1.66e-06 3.0 it/s skipped 0 bucket_mae 5.5579 n_num 4373.1800
  step  28650/30000 loss 0.6334 lr 1.55e-06 3.0 it/s skipped 0 bucket_mae 5.6528 n_num 4374.6200
  step  28700/30000 loss 0.6368 lr 1.44e-06 3.0 it/s skipped 0 bucket_mae 5.5663 n_num 4403.4200
  step  28750/30000 loss 0.6357 lr 1.33e-06 3.0 it/s skipped 0 bucket_mae 5.5416 n_num 4414.5200
  step  28800/30000 loss 0.6377 lr 1.22e-06 3.0 it/s skipped 0 bucket_mae 5.5773 n_num 4352.0800
  step  28850/30000 loss 0.6382 lr 1.12e-06 3.0 it/s skipped 0 bucket_mae 5.6220 n_num 4327.5800
  step  28900/30000 loss 0.6329 lr 1.03e-06 3.0 it/s skipped 0 bucket_mae 5.5230 n_num 4343.5800
  step  28950/30000 loss 0.6401 lr 9.37e-07 3.0 it/s skipped 0 bucket_mae 5.6093 n_num 4294.5000
  step  29000/30000 loss 0.6313 lr 8.50e-07 3.0 it/s skipped 0 bucket_mae 5.5416 n_num 4402.3800
  step  29050/30000 loss 0.6340 lr 7.67e-07 3.0 it/s skipped 0 bucket_mae 5.5946 n_num 4400.2800
  step  29100/30000 loss 0.6399 lr 6.88e-07 3.0 it/s skipped 0 bucket_mae 5.6441 n_num 4304.7000
  step  29150/30000 loss 0.6275 lr 6.14e-07 3.0 it/s skipped 0 bucket_mae 5.5468 n_num 4341.3800
  step  29200/30000 loss 0.6357 lr 5.44e-07 3.0 it/s skipped 0 bucket_mae 5.5921 n_num 4325.4400
  step  29250/30000 loss 0.6359 lr 4.78e-07 3.0 it/s skipped 0 bucket_mae 5.5974 n_num 4347.0400
  step  29300/30000 loss 0.6349 lr 4.17e-07 3.0 it/s skipped 0 bucket_mae 5.5703 n_num 4441.1200
  step  29350/30000 loss 0.6371 lr 3.59e-07 3.0 it/s skipped 0 bucket_mae 5.6105 n_num 4339.6200
  step  29400/30000 loss 0.6284 lr 3.06e-07 3.0 it/s skipped 0 bucket_mae 5.6588 n_num 4327.5200
  step  29450/30000 loss 0.6335 lr 2.57e-07 3.0 it/s skipped 0 bucket_mae 5.5798 n_num 4371.2800
  step  29500/30000 loss 0.6371 lr 2.13e-07 3.0 it/s skipped 0 bucket_mae 5.5682 n_num 4438.8200
  step  29550/30000 loss 0.6324 lr 1.72e-07 3.0 it/s skipped 0 bucket_mae 5.5446 n_num 4284.4600
  step  29600/30000 loss 0.6397 lr 1.36e-07 3.0 it/s skipped 0 bucket_mae 5.6110 n_num 4345.7200
  step  29650/30000 loss 0.6343 lr 1.04e-07 3.0 it/s skipped 0 bucket_mae 5.5651 n_num 4333.0000
  step  29700/30000 loss 0.6294 lr 7.65e-08 3.0 it/s skipped 0 bucket_mae 5.5426 n_num 4330.9200
  step  29750/30000 loss 0.6328 lr 5.32e-08 3.0 it/s skipped 0 bucket_mae 5.5845 n_num 4265.5600
  step  29800/30000 loss 0.6355 lr 3.40e-08 3.0 it/s skipped 0 bucket_mae 5.6489 n_num 4380.4200
  step  29850/30000 loss 0.6419 lr 1.91e-08 3.0 it/s skipped 0 bucket_mae 5.6114 n_num 4365.1800
  step  29900/30000 loss 0.6343 lr 8.51e-09 3.0 it/s skipped 0 bucket_mae 5.5715 n_num 4329.3200
  step  29950/30000 loss 0.6410 lr 2.13e-09 3.0 it/s skipped 0 bucket_mae 5.5678 n_num 4406.9000
  step  30000/30000 loss 0.6410 lr 0.00e+00 3.0 it/s skipped 0 bucket_mae 5.6590 n_num 4272.6600
[pretrain] saved artifacts/pretrain_small_bucket_r1_mlm.pt
