[pretrain] objective=mlm preset=small numeric_mode=bucket stride=128 params=7,805,771 device=cuda batch=128 lr=3.00e-04 amp=bf16 workers=4 windows=188,547 steps=30000
  step     50/30000 loss 3.9477 lr 3.00e-05 5.6 it/s skipped 0 bucket_mae 1.4270 n_num 890.2200
  step    100/30000 loss 2.7465 lr 6.00e-05 6.1 it/s skipped 0 bucket_mae 0.1059 n_num 880.2800
  step    150/30000 loss 1.9253 lr 9.00e-05 6.1 it/s skipped 0 bucket_mae 0.1082 n_num 889.8800
  step    200/30000 loss 1.5083 lr 1.20e-04 6.1 it/s skipped 0 bucket_mae 0.1060 n_num 882.4000
  step    250/30000 loss 1.3109 lr 1.50e-04 6.1 it/s skipped 0 bucket_mae 0.1049 n_num 883.2600
  step    300/30000 loss 1.1609 lr 1.80e-04 6.1 it/s skipped 0 bucket_mae 0.1067 n_num 878.3000
  step    350/30000 loss 1.0811 lr 2.10e-04 6.1 it/s skipped 0 bucket_mae 0.1088 n_num 872.7000
  step    400/30000 loss 0.9939 lr 2.40e-04 6.1 it/s skipped 0 bucket_mae 0.1065 n_num 872.3400
  step    450/30000 loss 0.9507 lr 2.70e-04 6.1 it/s skipped 0 bucket_mae 0.1018 n_num 927.4800
  step    500/30000 loss 0.9193 lr 3.00e-04 6.1 it/s skipped 0 bucket_mae 0.1060 n_num 896.8400
  step    550/30000 loss 0.9096 lr 3.00e-04 6.1 it/s skipped 0 bucket_mae 0.1079 n_num 879.9000
  step    600/30000 loss 0.8681 lr 3.00e-04 6.1 it/s skipped 0 bucket_mae 0.1079 n_num 889.7400
  step    650/30000 loss 0.8476 lr 3.00e-04 6.1 it/s skipped 0 bucket_mae 0.1095 n_num 905.3400
  step    700/30000 loss 0.8614 lr 3.00e-04 6.1 it/s skipped 0 bucket_mae 0.1040 n_num 879.6400
  step    750/30000 loss 0.8525 lr 3.00e-04 6.1 it/s skipped 0 bucket_mae 0.1050 n_num 904.7400
  step    800/30000 loss 0.8298 lr 3.00e-04 6.1 it/s skipped 0 bucket_mae 0.1081 n_num 850.0000
  step    850/30000 loss 0.8229 lr 3.00e-04 6.1 it/s skipped 0 bucket_mae 0.1077 n_num 928.4000
  step    900/30000 loss 0.8035 lr 3.00e-04 6.1 it/s skipped 0 bucket_mae 0.1050 n_num 896.2200
  step    950/30000 loss 0.8150 lr 3.00e-04 6.1 it/s skipped 0 bucket_mae 0.1079 n_num 878.2400
  step   1000/30000 loss 0.8290 lr 3.00e-04 6.1 it/s skipped 0 bucket_mae 0.1069 n_num 878.8400
  step   1050/30000 loss 0.8101 lr 3.00e-04 6.1 it/s skipped 0 bucket_mae 0.1059 n_num 912.8600
  step   1100/30000 loss 0.8008 lr 3.00e-04 6.1 it/s skipped 0 bucket_mae 0.1064 n_num 925.0800
  step   1150/30000 loss 0.8048 lr 3.00e-04 6.1 it/s skipped 0 bucket_mae 0.1075 n_num 889.3600
  step   1200/30000 loss 0.7949 lr 3.00e-04 6.1 it/s skipped 0 bucket_mae 0.1074 n_num 918.4800
  step   1250/30000 loss 0.7880 lr 3.00e-04 6.1 it/s skipped 0 bucket_mae 0.1042 n_num 912.7200
  step   1300/30000 loss 0.8115 lr 2.99e-04 6.1 it/s skipped 0 bucket_mae 0.1086 n_num 888.2000
  step   1350/30000 loss 0.7801 lr 2.99e-04 6.1 it/s skipped 0 bucket_mae 0.1037 n_num 919.4400
  step   1400/30000 loss 0.7821 lr 2.99e-04 6.1 it/s skipped 0 bucket_mae 0.1072 n_num 905.0000
  step   1450/30000 loss 0.7951 lr 2.99e-04 6.1 it/s skipped 0 bucket_mae 0.1085 n_num 870.4800
  step   1500/30000 loss 0.7882 lr 2.99e-04 5.9 it/s skipped 0 bucket_mae 0.1088 n_num 882.1800
  step   1550/30000 loss 0.7791 lr 2.99e-04 6.1 it/s skipped 0 bucket_mae 0.1090 n_num 882.4400
  step   1600/30000 loss 0.7759 lr 2.99e-04 6.1 it/s skipped 0 bucket_mae 0.1049 n_num 934.3400
  step   1650/30000 loss 0.7829 lr 2.99e-04 6.1 it/s skipped 0 bucket_mae 0.1057 n_num 904.0200
  step   1700/30000 loss 0.7694 lr 2.99e-04 6.1 it/s skipped 0 bucket_mae 0.1073 n_num 861.6400
  step   1750/30000 loss 0.7828 lr 2.99e-04 6.1 it/s skipped 0 bucket_mae 0.1090 n_num 880.0400
  step   1800/30000 loss 0.7811 lr 2.99e-04 6.1 it/s skipped 0 bucket_mae 0.1063 n_num 894.5800
  step   1850/30000 loss 0.7646 lr 2.98e-04 6.1 it/s skipped 0 bucket_mae 0.1035 n_num 902.4200
  step   1900/30000 loss 0.7823 lr 2.98e-04 6.1 it/s skipped 0 bucket_mae 0.1072 n_num 871.4600
  step   1950/30000 loss 0.7742 lr 2.98e-04 6.1 it/s skipped 0 bucket_mae 0.1080 n_num 896.4600
  step   2000/30000 loss 0.7666 lr 2.98e-04 6.1 it/s skipped 0 bucket_mae 0.1093 n_num 889.6200
  step   2050/30000 loss 0.7785 lr 2.98e-04 6.1 it/s skipped 0 bucket_mae 0.1032 n_num 924.8800
  step   2100/30000 loss 0.7711 lr 2.98e-04 6.1 it/s skipped 0 bucket_mae 0.1048 n_num 896.4000
  step   2150/30000 loss 0.7680 lr 2.98e-04 6.1 it/s skipped 0 bucket_mae 0.1031 n_num 922.0200
  step   2200/30000 loss 0.7810 lr 2.98e-04 6.1 it/s skipped 0 bucket_mae 0.1094 n_num 899.5400
  step   2250/30000 loss 0.7753 lr 2.97e-04 6.1 it/s skipped 0 bucket_mae 0.1043 n_num 876.1200
  step   2300/30000 loss 0.7601 lr 2.97e-04 6.1 it/s skipped 0 bucket_mae 0.1050 n_num 881.5600
  step   2350/30000 loss 0.7666 lr 2.97e-04 6.1 it/s skipped 0 bucket_mae 0.1064 n_num 901.9200
  step   2400/30000 loss 0.7526 lr 2.97e-04 6.1 it/s skipped 0 bucket_mae 0.1039 n_num 925.8200
  step   2450/30000 loss 0.7638 lr 2.97e-04 6.1 it/s skipped 0 bucket_mae 0.1057 n_num 896.7800
  step   2500/30000 loss 0.7689 lr 2.97e-04 6.1 it/s skipped 0 bucket_mae 0.1119 n_num 863.0800
  step   2550/30000 loss 0.7823 lr 2.96e-04 6.1 it/s skipped 0 bucket_mae 0.1048 n_num 890.8600
  step   2600/30000 loss 0.7642 lr 2.96e-04 6.1 it/s skipped 0 bucket_mae 0.1052 n_num 891.7200
  step   2650/30000 loss 0.7485 lr 2.96e-04 6.1 it/s skipped 0 bucket_mae 0.1071 n_num 908.5800
  step   2700/30000 loss 0.7612 lr 2.96e-04 6.1 it/s skipped 0 bucket_mae 0.1087 n_num 892.7200
  step   2750/30000 loss 0.7783 lr 2.96e-04 6.1 it/s skipped 0 bucket_mae 0.1085 n_num 855.9400
  step   2800/30000 loss 0.7516 lr 2.96e-04 6.1 it/s skipped 0 bucket_mae 0.1067 n_num 887.4600
  step   2850/30000 loss 0.7430 lr 2.95e-04 6.1 it/s skipped 0 bucket_mae 0.1082 n_num 903.3000
  step   2900/30000 loss 0.7397 lr 2.95e-04 6.1 it/s skipped 0 bucket_mae 0.1076 n_num 884.7400
  step   2950/30000 loss 0.7722 lr 2.95e-04 6.0 it/s skipped 0 bucket_mae 0.1084 n_num 884.7200
  step   3000/30000 loss 0.7652 lr 2.95e-04 6.1 it/s skipped 0 bucket_mae 0.1083 n_num 871.7600
  step   3050/30000 loss 0.7740 lr 2.95e-04 6.1 it/s skipped 0 bucket_mae 0.1083 n_num 888.2400
  step   3100/30000 loss 0.7431 lr 2.94e-04 6.1 it/s skipped 0 bucket_mae 0.1075 n_num 887.4200
  step   3150/30000 loss 0.7540 lr 2.94e-04 6.1 it/s skipped 0 bucket_mae 0.1078 n_num 902.6200
  step   3200/30000 loss 0.7402 lr 2.94e-04 6.1 it/s skipped 0 bucket_mae 0.1088 n_num 868.6600
  step   3250/30000 loss 0.7422 lr 2.94e-04 6.1 it/s skipped 0 bucket_mae 0.1056 n_num 883.2800
  step   3300/30000 loss 0.7474 lr 2.93e-04 6.1 it/s skipped 0 bucket_mae 0.1058 n_num 908.3400
  step   3350/30000 loss 0.7486 lr 2.93e-04 6.1 it/s skipped 0 bucket_mae 0.1080 n_num 888.6600
  step   3400/30000 loss 0.7695 lr 2.93e-04 6.1 it/s skipped 0 bucket_mae 0.1054 n_num 917.8800
  step   3450/30000 loss 0.7596 lr 2.93e-04 6.1 it/s skipped 0 bucket_mae 0.1032 n_num 896.3600
  step   3500/30000 loss 0.7330 lr 2.92e-04 6.1 it/s skipped 0 bucket_mae 0.1077 n_num 896.9400
  step   3550/30000 loss 0.7472 lr 2.92e-04 6.1 it/s skipped 0 bucket_mae 0.1073 n_num 904.1000
  step   3600/30000 loss 0.7444 lr 2.92e-04 6.1 it/s skipped 0 bucket_mae 0.1061 n_num 929.5400
  step   3650/30000 loss 0.7547 lr 2.92e-04 6.1 it/s skipped 0 bucket_mae 0.1074 n_num 905.3200
  step   3700/30000 loss 0.7463 lr 2.91e-04 6.1 it/s skipped 0 bucket_mae 0.1049 n_num 879.9200
  step   3750/30000 loss 0.7313 lr 2.91e-04 6.1 it/s skipped 0 bucket_mae 0.1060 n_num 886.8800
  step   3800/30000 loss 0.7377 lr 2.91e-04 6.1 it/s skipped 0 bucket_mae 0.1081 n_num 870.7400
  step   3850/30000 loss 0.7355 lr 2.91e-04 6.1 it/s skipped 0 bucket_mae 0.1054 n_num 879.5000
  step   3900/30000 loss 0.7357 lr 2.90e-04 6.1 it/s skipped 0 bucket_mae 0.1086 n_num 888.1400
  step   3950/30000 loss 0.7393 lr 2.90e-04 6.1 it/s skipped 0 bucket_mae 0.1003 n_num 944.8200
  step   4000/30000 loss 0.7517 lr 2.90e-04 6.1 it/s skipped 0 bucket_mae 0.1092 n_num 874.9200
  step   4050/30000 loss 0.7553 lr 2.89e-04 6.1 it/s skipped 0 bucket_mae 0.1111 n_num 871.4800
  step   4100/30000 loss 0.7442 lr 2.89e-04 6.1 it/s skipped 0 bucket_mae 0.1035 n_num 938.3200
  step   4150/30000 loss 0.7403 lr 2.89e-04 6.1 it/s skipped 0 bucket_mae 0.1054 n_num 931.2800
  step   4200/30000 loss 0.7439 lr 2.89e-04 6.1 it/s skipped 0 bucket_mae 0.1078 n_num 896.8400
  step   4250/30000 loss 0.7520 lr 2.88e-04 6.1 it/s skipped 0 bucket_mae 0.1084 n_num 887.8200
  step   4300/30000 loss 0.7417 lr 2.88e-04 6.1 it/s skipped 0 bucket_mae 0.1023 n_num 913.7400
  step   4350/30000 loss 0.7372 lr 2.88e-04 6.1 it/s skipped 0 bucket_mae 0.1069 n_num 889.2400
  step   4400/30000 loss 0.7519 lr 2.87e-04 6.1 it/s skipped 0 bucket_mae 0.1058 n_num 888.6400
  step   4450/30000 loss 0.7303 lr 2.87e-04 6.0 it/s skipped 0 bucket_mae 0.1041 n_num 936.0600
  step   4500/30000 loss 0.7400 lr 2.87e-04 6.1 it/s skipped 0 bucket_mae 0.1043 n_num 893.5400
  step   4550/30000 loss 0.7457 lr 2.86e-04 6.1 it/s skipped 0 bucket_mae 0.1091 n_num 897.4200
  step   4600/30000 loss 0.7398 lr 2.86e-04 6.1 it/s skipped 0 bucket_mae 0.1124 n_num 872.9400
  step   4650/30000 loss 0.7394 lr 2.86e-04 6.1 it/s skipped 0 bucket_mae 0.1079 n_num 924.7400
  step   4700/30000 loss 0.7480 lr 2.85e-04 6.1 it/s skipped 0 bucket_mae 0.1028 n_num 925.1200
  step   4750/30000 loss 0.7444 lr 2.85e-04 6.1 it/s skipped 0 bucket_mae 0.1046 n_num 879.2600
  step   4800/30000 loss 0.7265 lr 2.85e-04 6.1 it/s skipped 0 bucket_mae 0.1057 n_num 888.1000
  step   4850/30000 loss 0.7396 lr 2.84e-04 6.1 it/s skipped 0 bucket_mae 0.1083 n_num 868.1000
  step   4900/30000 loss 0.7508 lr 2.84e-04 6.1 it/s skipped 0 bucket_mae 0.1050 n_num 898.2000
  step   4950/30000 loss 0.7452 lr 2.83e-04 6.1 it/s skipped 0 bucket_mae 0.1080 n_num 874.5200
  step   5000/30000 loss 0.7206 lr 2.83e-04 6.1 it/s skipped 0 bucket_mae 0.1035 n_num 897.3800
  step   5050/30000 loss 0.7561 lr 2.83e-04 6.1 it/s skipped 0 bucket_mae 0.1088 n_num 898.1400
  step   5100/30000 loss 0.7176 lr 2.82e-04 6.1 it/s skipped 0 bucket_mae 0.1023 n_num 918.4400
  step   5150/30000 loss 0.7383 lr 2.82e-04 6.1 it/s skipped 0 bucket_mae 0.1084 n_num 864.7600
  step   5200/30000 loss 0.7204 lr 2.82e-04 6.1 it/s skipped 0 bucket_mae 0.1063 n_num 856.1800
  step   5250/30000 loss 0.7281 lr 2.81e-04 6.1 it/s skipped 0 bucket_mae 0.1073 n_num 878.3800
  step   5300/30000 loss 0.7368 lr 2.81e-04 6.1 it/s skipped 0 bucket_mae 0.1082 n_num 862.0400
  step   5350/30000 loss 0.7336 lr 2.80e-04 6.1 it/s skipped 0 bucket_mae 0.1031 n_num 887.4800
  step   5400/30000 loss 0.7097 lr 2.80e-04 6.1 it/s skipped 0 bucket_mae 0.1053 n_num 898.9000
  step   5450/30000 loss 0.7379 lr 2.80e-04 6.1 it/s skipped 0 bucket_mae 0.1039 n_num 897.6800
  step   5500/30000 loss 0.7232 lr 2.79e-04 6.1 it/s skipped 0 bucket_mae 0.1050 n_num 926.8600
  step   5550/30000 loss 0.7425 lr 2.79e-04 6.1 it/s skipped 0 bucket_mae 0.1082 n_num 895.6200
  step   5600/30000 loss 0.7317 lr 2.78e-04 6.1 it/s skipped 0 bucket_mae 0.1049 n_num 908.3000
  step   5650/30000 loss 0.7254 lr 2.78e-04 6.1 it/s skipped 0 bucket_mae 0.1080 n_num 898.8000
  step   5700/30000 loss 0.7296 lr 2.78e-04 6.1 it/s skipped 0 bucket_mae 0.1096 n_num 871.9800
  step   5750/30000 loss 0.7257 lr 2.77e-04 6.1 it/s skipped 0 bucket_mae 0.1063 n_num 879.3200
  step   5800/30000 loss 0.7211 lr 2.77e-04 6.1 it/s skipped 0 bucket_mae 0.1077 n_num 891.0200
  step   5850/30000 loss 0.7330 lr 2.76e-04 6.1 it/s skipped 0 bucket_mae 0.1072 n_num 889.2400
  step   5900/30000 loss 0.7372 lr 2.76e-04 6.0 it/s skipped 0 bucket_mae 0.1082 n_num 892.1000
  step   5950/30000 loss 0.7289 lr 2.75e-04 6.1 it/s skipped 0 bucket_mae 0.1075 n_num 877.9400
  step   6000/30000 loss 0.7354 lr 2.75e-04 6.1 it/s skipped 0 bucket_mae 0.1087 n_num 888.1800
  step   6050/30000 loss 0.7411 lr 2.75e-04 6.1 it/s skipped 0 bucket_mae 0.1062 n_num 928.4000
  step   6100/30000 loss 0.7276 lr 2.74e-04 6.1 it/s skipped 0 bucket_mae 0.1058 n_num 909.0600
  step   6150/30000 loss 0.7248 lr 2.74e-04 6.1 it/s skipped 0 bucket_mae 0.1069 n_num 907.9600
  step   6200/30000 loss 0.7407 lr 2.73e-04 6.1 it/s skipped 0 bucket_mae 0.1075 n_num 865.1600
  step   6250/30000 loss 0.7190 lr 2.73e-04 6.1 it/s skipped 0 bucket_mae 0.1069 n_num 900.3800
  step   6300/30000 loss 0.7450 lr 2.72e-04 6.1 it/s skipped 0 bucket_mae 0.1120 n_num 860.6400
  step   6350/30000 loss 0.7261 lr 2.72e-04 6.1 it/s skipped 0 bucket_mae 0.1076 n_num 887.2200
  step   6400/30000 loss 0.7382 lr 2.71e-04 6.1 it/s skipped 0 bucket_mae 0.1105 n_num 875.0600
  step   6450/30000 loss 0.7372 lr 2.71e-04 6.1 it/s skipped 0 bucket_mae 0.1065 n_num 894.2200
  step   6500/30000 loss 0.7320 lr 2.70e-04 6.1 it/s skipped 0 bucket_mae 0.1080 n_num 877.0400
  step   6550/30000 loss 0.7120 lr 2.70e-04 6.1 it/s skipped 0 bucket_mae 0.1047 n_num 901.8800
  step   6600/30000 loss 0.7308 lr 2.69e-04 6.1 it/s skipped 0 bucket_mae 0.1049 n_num 888.9200
  step   6650/30000 loss 0.7320 lr 2.69e-04 6.1 it/s skipped 0 bucket_mae 0.1060 n_num 887.6600
  step   6700/30000 loss 0.7174 lr 2.68e-04 6.1 it/s skipped 0 bucket_mae 0.1047 n_num 892.1200
  step   6750/30000 loss 0.7208 lr 2.68e-04 6.1 it/s skipped 0 bucket_mae 0.1025 n_num 911.6400
  step   6800/30000 loss 0.7268 lr 2.67e-04 6.1 it/s skipped 0 bucket_mae 0.1107 n_num 841.6800
  step   6850/30000 loss 0.7240 lr 2.67e-04 6.1 it/s skipped 0 bucket_mae 0.1076 n_num 890.4400
  step   6900/30000 loss 0.7217 lr 2.66e-04 6.1 it/s skipped 0 bucket_mae 0.1080 n_num 881.2200
  step   6950/30000 loss 0.7282 lr 2.66e-04 6.1 it/s skipped 0 bucket_mae 0.1040 n_num 919.5400
  step   7000/30000 loss 0.7264 lr 2.65e-04 6.1 it/s skipped 0 bucket_mae 0.1046 n_num 909.6800
  step   7050/30000 loss 0.7063 lr 2.65e-04 6.1 it/s skipped 0 bucket_mae 0.1053 n_num 907.9600
  step   7100/30000 loss 0.7191 lr 2.64e-04 6.1 it/s skipped 0 bucket_mae 0.1119 n_num 859.5200
  step   7150/30000 loss 0.7151 lr 2.64e-04 6.1 it/s skipped 0 bucket_mae 0.1048 n_num 898.3000
  step   7200/30000 loss 0.7352 lr 2.63e-04 6.1 it/s skipped 0 bucket_mae 0.1059 n_num 912.0400
  step   7250/30000 loss 0.7147 lr 2.63e-04 6.1 it/s skipped 0 bucket_mae 0.1070 n_num 870.4000
  step   7300/30000 loss 0.7241 lr 2.62e-04 6.1 it/s skipped 0 bucket_mae 0.1035 n_num 900.0200
  step   7350/30000 loss 0.7372 lr 2.62e-04 6.1 it/s skipped 0 bucket_mae 0.1041 n_num 884.8800
  step   7400/30000 loss 0.7408 lr 2.61e-04 6.0 it/s skipped 0 bucket_mae 0.1100 n_num 894.3400
  step   7450/30000 loss 0.7223 lr 2.61e-04 6.1 it/s skipped 0 bucket_mae 0.1116 n_num 854.0200
  step   7500/30000 loss 0.7453 lr 2.60e-04 6.1 it/s skipped 0 bucket_mae 0.1094 n_num 872.3600
  step   7550/30000 loss 0.7182 lr 2.60e-04 6.1 it/s skipped 0 bucket_mae 0.1076 n_num 893.8000
  step   7600/30000 loss 0.7215 lr 2.59e-04 6.1 it/s skipped 0 bucket_mae 0.1043 n_num 873.5600
  step   7650/30000 loss 0.7265 lr 2.59e-04 6.1 it/s skipped 0 bucket_mae 0.1083 n_num 884.7800
  step   7700/30000 loss 0.7280 lr 2.58e-04 6.1 it/s skipped 0 bucket_mae 0.1058 n_num 877.0800
  step   7750/30000 loss 0.7268 lr 2.57e-04 6.1 it/s skipped 0 bucket_mae 0.1079 n_num 884.9400
  step   7800/30000 loss 0.7272 lr 2.57e-04 6.1 it/s skipped 0 bucket_mae 0.1076 n_num 893.2000
  step   7850/30000 loss 0.7318 lr 2.56e-04 6.1 it/s skipped 0 bucket_mae 0.1099 n_num 925.7200
  step   7900/30000 loss 0.7342 lr 2.56e-04 6.1 it/s skipped 0 bucket_mae 0.1070 n_num 884.7600
  step   7950/30000 loss 0.7314 lr 2.55e-04 6.1 it/s skipped 0 bucket_mae 0.1054 n_num 902.5800
  step   8000/30000 loss 0.7110 lr 2.55e-04 6.1 it/s skipped 0 bucket_mae 0.1036 n_num 908.9800
  step   8050/30000 loss 0.7164 lr 2.54e-04 6.1 it/s skipped 0 bucket_mae 0.1082 n_num 865.5800
  step   8100/30000 loss 0.7263 lr 2.53e-04 6.1 it/s skipped 0 bucket_mae 0.1032 n_num 904.9400
  step   8150/30000 loss 0.7137 lr 2.53e-04 6.1 it/s skipped 0 bucket_mae 0.1068 n_num 920.6000
  step   8200/30000 loss 0.7308 lr 2.52e-04 6.1 it/s skipped 0 bucket_mae 0.1044 n_num 892.8200
  step   8250/30000 loss 0.7221 lr 2.52e-04 6.1 it/s skipped 0 bucket_mae 0.1041 n_num 926.8800
  step   8300/30000 loss 0.7324 lr 2.51e-04 6.1 it/s skipped 0 bucket_mae 0.1076 n_num 888.0400
  step   8350/30000 loss 0.7345 lr 2.51e-04 6.1 it/s skipped 0 bucket_mae 0.1065 n_num 860.5000
  step   8400/30000 loss 0.7095 lr 2.50e-04 6.1 it/s skipped 0 bucket_mae 0.1071 n_num 881.9000
  step   8450/30000 loss 0.7054 lr 2.49e-04 6.1 it/s skipped 0 bucket_mae 0.1051 n_num 898.8200
  step   8500/30000 loss 0.7248 lr 2.49e-04 6.1 it/s skipped 0 bucket_mae 0.1061 n_num 880.3000
  step   8550/30000 loss 0.7165 lr 2.48e-04 6.1 it/s skipped 0 bucket_mae 0.1079 n_num 872.4800
  step   8600/30000 loss 0.7181 lr 2.48e-04 6.1 it/s skipped 0 bucket_mae 0.1080 n_num 875.8600
  step   8650/30000 loss 0.7054 lr 2.47e-04 6.1 it/s skipped 0 bucket_mae 0.1094 n_num 896.2600
  step   8700/30000 loss 0.7113 lr 2.46e-04 6.1 it/s skipped 0 bucket_mae 0.1085 n_num 894.0000
  step   8750/30000 loss 0.7282 lr 2.46e-04 6.1 it/s skipped 0 bucket_mae 0.1062 n_num 900.1400
  step   8800/30000 loss 0.7135 lr 2.45e-04 6.1 it/s skipped 0 bucket_mae 0.1056 n_num 918.2000
  step   8850/30000 loss 0.7090 lr 2.45e-04 6.0 it/s skipped 0 bucket_mae 0.1037 n_num 905.7200
  step   8900/30000 loss 0.7138 lr 2.44e-04 6.1 it/s skipped 0 bucket_mae 0.1041 n_num 915.6000
  step   8950/30000 loss 0.7105 lr 2.43e-04 6.1 it/s skipped 0 bucket_mae 0.1013 n_num 908.7800
  step   9000/30000 loss 0.7229 lr 2.43e-04 6.1 it/s skipped 0 bucket_mae 0.1057 n_num 931.2400
  step   9050/30000 loss 0.7200 lr 2.42e-04 6.1 it/s skipped 0 bucket_mae 0.1074 n_num 917.1800
  step   9100/30000 loss 0.7337 lr 2.41e-04 6.1 it/s skipped 0 bucket_mae 0.1140 n_num 846.2400
  step   9150/30000 loss 0.7137 lr 2.41e-04 6.1 it/s skipped 0 bucket_mae 0.1052 n_num 893.5600
  step   9200/30000 loss 0.6992 lr 2.40e-04 6.1 it/s skipped 0 bucket_mae 0.1028 n_num 881.2800
  step   9250/30000 loss 0.7197 lr 2.39e-04 6.1 it/s skipped 0 bucket_mae 0.1049 n_num 902.3200
  step   9300/30000 loss 0.7149 lr 2.39e-04 6.1 it/s skipped 0 bucket_mae 0.1033 n_num 905.7400
  step   9350/30000 loss 0.7078 lr 2.38e-04 6.1 it/s skipped 0 bucket_mae 0.1085 n_num 898.3600
  step   9400/30000 loss 0.7250 lr 2.38e-04 6.1 it/s skipped 0 bucket_mae 0.1088 n_num 867.6400
  step   9450/30000 loss 0.7149 lr 2.37e-04 6.1 it/s skipped 0 bucket_mae 0.1068 n_num 860.7200
  step   9500/30000 loss 0.7158 lr 2.36e-04 6.1 it/s skipped 0 bucket_mae 0.1025 n_num 885.9600
  step   9550/30000 loss 0.7028 lr 2.36e-04 6.1 it/s skipped 0 bucket_mae 0.1080 n_num 874.4200
  step   9600/30000 loss 0.7408 lr 2.35e-04 6.1 it/s skipped 0 bucket_mae 0.1134 n_num 872.2200
  step   9650/30000 loss 0.7071 lr 2.34e-04 6.1 it/s skipped 0 bucket_mae 0.1076 n_num 894.4600
  step   9700/30000 loss 0.7143 lr 2.34e-04 6.1 it/s skipped 0 bucket_mae 0.1038 n_num 903.3400
  step   9750/30000 loss 0.7018 lr 2.33e-04 6.1 it/s skipped 0 bucket_mae 0.1047 n_num 930.3400
  step   9800/30000 loss 0.7032 lr 2.32e-04 6.1 it/s skipped 0 bucket_mae 0.1079 n_num 895.6200
  step   9850/30000 loss 0.6992 lr 2.32e-04 6.1 it/s skipped 0 bucket_mae 0.1039 n_num 905.5800
  step   9900/30000 loss 0.7204 lr 2.31e-04 6.1 it/s skipped 0 bucket_mae 0.1085 n_num 919.1400
  step   9950/30000 loss 0.7279 lr 2.30e-04 6.1 it/s skipped 0 bucket_mae 0.1052 n_num 905.4200
  step  10000/30000 loss 0.7227 lr 2.30e-04 6.1 it/s skipped 0 bucket_mae 0.1111 n_num 888.1200
  step  10050/30000 loss 0.7208 lr 2.29e-04 6.1 it/s skipped 0 bucket_mae 0.1122 n_num 861.7200
  step  10100/30000 loss 0.7060 lr 2.28e-04 6.1 it/s skipped 0 bucket_mae 0.1051 n_num 932.6400
  step  10150/30000 loss 0.7219 lr 2.28e-04 6.1 it/s skipped 0 bucket_mae 0.1078 n_num 908.7600
  step  10200/30000 loss 0.6944 lr 2.27e-04 6.1 it/s skipped 0 bucket_mae 0.1066 n_num 909.1800
  step  10250/30000 loss 0.7251 lr 2.26e-04 6.1 it/s skipped 0 bucket_mae 0.1041 n_num 893.3800
  step  10300/30000 loss 0.7049 lr 2.25e-04 6.1 it/s skipped 0 bucket_mae 0.1072 n_num 872.9200
  step  10350/30000 loss 0.7128 lr 2.25e-04 6.0 it/s skipped 0 bucket_mae 0.1094 n_num 878.6000
  step  10400/30000 loss 0.7149 lr 2.24e-04 6.1 it/s skipped 0 bucket_mae 0.1082 n_num 847.4800
  step  10450/30000 loss 0.7125 lr 2.23e-04 6.1 it/s skipped 0 bucket_mae 0.1060 n_num 910.8600
  step  10500/30000 loss 0.7207 lr 2.23e-04 6.1 it/s skipped 0 bucket_mae 0.1045 n_num 893.9000
  step  10550/30000 loss 0.7143 lr 2.22e-04 6.1 it/s skipped 0 bucket_mae 0.1086 n_num 876.5000
  step  10600/30000 loss 0.7042 lr 2.21e-04 6.1 it/s skipped 0 bucket_mae 0.1084 n_num 885.7600
  step  10650/30000 loss 0.7106 lr 2.21e-04 6.1 it/s skipped 0 bucket_mae 0.1049 n_num 889.2200
  step  10700/30000 loss 0.7185 lr 2.20e-04 6.1 it/s skipped 0 bucket_mae 0.1082 n_num 904.4200
  step  10750/30000 loss 0.6906 lr 2.19e-04 6.1 it/s skipped 0 bucket_mae 0.1063 n_num 916.1600
  step  10800/30000 loss 0.7224 lr 2.18e-04 6.1 it/s skipped 0 bucket_mae 0.1091 n_num 866.7000
  step  10850/30000 loss 0.6940 lr 2.18e-04 6.1 it/s skipped 0 bucket_mae 0.1099 n_num 898.1400
  step  10900/30000 loss 0.7073 lr 2.17e-04 6.1 it/s skipped 0 bucket_mae 0.1020 n_num 929.5800
  step  10950/30000 loss 0.7091 lr 2.16e-04 6.1 it/s skipped 0 bucket_mae 0.1096 n_num 894.6800
  step  11000/30000 loss 0.7214 lr 2.16e-04 6.1 it/s skipped 0 bucket_mae 0.1075 n_num 880.9000
  step  11050/30000 loss 0.7166 lr 2.15e-04 6.1 it/s skipped 0 bucket_mae 0.1089 n_num 908.4200
  step  11100/30000 loss 0.7172 lr 2.14e-04 6.1 it/s skipped 0 bucket_mae 0.1072 n_num 890.8400
  step  11150/30000 loss 0.7266 lr 2.13e-04 6.1 it/s skipped 0 bucket_mae 0.1058 n_num 887.0600
  step  11200/30000 loss 0.7036 lr 2.13e-04 6.1 it/s skipped 0 bucket_mae 0.1054 n_num 918.4000
  step  11250/30000 loss 0.6982 lr 2.12e-04 6.1 it/s skipped 0 bucket_mae 0.1063 n_num 927.9400
  step  11300/30000 loss 0.7041 lr 2.11e-04 6.1 it/s skipped 0 bucket_mae 0.1047 n_num 924.3400
  step  11350/30000 loss 0.7184 lr 2.11e-04 6.1 it/s skipped 0 bucket_mae 0.1081 n_num 877.9400
  step  11400/30000 loss 0.7125 lr 2.10e-04 6.1 it/s skipped 0 bucket_mae 0.1073 n_num 876.5200
  step  11450/30000 loss 0.7196 lr 2.09e-04 6.1 it/s skipped 0 bucket_mae 0.1064 n_num 887.0000
  step  11500/30000 loss 0.6978 lr 2.08e-04 6.1 it/s skipped 0 bucket_mae 0.1046 n_num 902.2000
  step  11550/30000 loss 0.6944 lr 2.08e-04 6.1 it/s skipped 0 bucket_mae 0.1050 n_num 910.5400
  step  11600/30000 loss 0.7254 lr 2.07e-04 6.1 it/s skipped 0 bucket_mae 0.1056 n_num 858.2400
  step  11650/30000 loss 0.7226 lr 2.06e-04 6.1 it/s skipped 0 bucket_mae 0.1085 n_num 878.4200
  step  11700/30000 loss 0.7211 lr 2.05e-04 6.1 it/s skipped 0 bucket_mae 0.1064 n_num 885.8800
  step  11750/30000 loss 0.7083 lr 2.05e-04 6.1 it/s skipped 0 bucket_mae 0.1080 n_num 875.3000
  step  11800/30000 loss 0.7248 lr 2.04e-04 6.0 it/s skipped 0 bucket_mae 0.1081 n_num 877.7200
  step  11850/30000 loss 0.7144 lr 2.03e-04 6.1 it/s skipped 0 bucket_mae 0.1073 n_num 900.2400
  step  11900/30000 loss 0.6886 lr 2.02e-04 6.1 it/s skipped 0 bucket_mae 0.1033 n_num 901.5800
  step  11950/30000 loss 0.7150 lr 2.02e-04 6.1 it/s skipped 0 bucket_mae 0.1052 n_num 897.5800
  step  12000/30000 loss 0.7034 lr 2.01e-04 6.1 it/s skipped 0 bucket_mae 0.1081 n_num 886.5000
  step  12050/30000 loss 0.7111 lr 2.00e-04 6.1 it/s skipped 0 bucket_mae 0.1074 n_num 882.8400
  step  12100/30000 loss 0.7153 lr 1.99e-04 6.1 it/s skipped 0 bucket_mae 0.1110 n_num 881.2200
  step  12150/30000 loss 0.7016 lr 1.99e-04 6.1 it/s skipped 0 bucket_mae 0.1080 n_num 879.9800
  step  12200/30000 loss 0.7077 lr 1.98e-04 6.1 it/s skipped 0 bucket_mae 0.1040 n_num 895.6000
  step  12250/30000 loss 0.7090 lr 1.97e-04 6.1 it/s skipped 0 bucket_mae 0.1083 n_num 873.3400
  step  12300/30000 loss 0.7101 lr 1.96e-04 6.1 it/s skipped 0 bucket_mae 0.1036 n_num 904.5200
  step  12350/30000 loss 0.7190 lr 1.96e-04 6.1 it/s skipped 0 bucket_mae 0.1044 n_num 914.6400
  step  12400/30000 loss 0.7102 lr 1.95e-04 6.1 it/s skipped 0 bucket_mae 0.1078 n_num 878.1000
  step  12450/30000 loss 0.7022 lr 1.94e-04 6.1 it/s skipped 0 bucket_mae 0.1100 n_num 854.3800
  step  12500/30000 loss 0.7107 lr 1.93e-04 6.1 it/s skipped 0 bucket_mae 0.1072 n_num 904.8400
  step  12550/30000 loss 0.7229 lr 1.93e-04 6.1 it/s skipped 0 bucket_mae 0.1105 n_num 830.1400
  step  12600/30000 loss 0.7009 lr 1.92e-04 6.1 it/s skipped 0 bucket_mae 0.1077 n_num 916.7800
  step  12650/30000 loss 0.7203 lr 1.91e-04 6.1 it/s skipped 0 bucket_mae 0.1004 n_num 943.7200
  step  12700/30000 loss 0.6936 lr 1.90e-04 6.1 it/s skipped 0 bucket_mae 0.1035 n_num 893.8200
  step  12750/30000 loss 0.6905 lr 1.89e-04 6.1 it/s skipped 0 bucket_mae 0.1074 n_num 885.8000
  step  12800/30000 loss 0.6942 lr 1.89e-04 6.1 it/s skipped 0 bucket_mae 0.1061 n_num 917.9800
  step  12850/30000 loss 0.7091 lr 1.88e-04 6.1 it/s skipped 0 bucket_mae 0.1046 n_num 881.9200
  step  12900/30000 loss 0.7096 lr 1.87e-04 6.1 it/s skipped 0 bucket_mae 0.1089 n_num 892.4000
  step  12950/30000 loss 0.7057 lr 1.86e-04 6.1 it/s skipped 0 bucket_mae 0.1066 n_num 892.5800
  step  13000/30000 loss 0.7164 lr 1.86e-04 6.1 it/s skipped 0 bucket_mae 0.1042 n_num 920.2400
  step  13050/30000 loss 0.7104 lr 1.85e-04 6.1 it/s skipped 0 bucket_mae 0.1025 n_num 911.2800
  step  13100/30000 loss 0.6959 lr 1.84e-04 6.1 it/s skipped 0 bucket_mae 0.1029 n_num 899.6400
  step  13150/30000 loss 0.7047 lr 1.83e-04 6.1 it/s skipped 0 bucket_mae 0.1136 n_num 853.7800
  step  13200/30000 loss 0.7135 lr 1.82e-04 6.1 it/s skipped 0 bucket_mae 0.1094 n_num 894.2600
  step  13250/30000 loss 0.7047 lr 1.82e-04 6.1 it/s skipped 0 bucket_mae 0.1048 n_num 919.1200
  step  13300/30000 loss 0.7147 lr 1.81e-04 6.0 it/s skipped 0 bucket_mae 0.1076 n_num 875.6000
  step  13350/30000 loss 0.6799 lr 1.80e-04 6.1 it/s skipped 0 bucket_mae 0.1047 n_num 890.8000
  step  13400/30000 loss 0.7252 lr 1.79e-04 6.1 it/s skipped 0 bucket_mae 0.1047 n_num 901.0200
  step  13450/30000 loss 0.6980 lr 1.79e-04 6.1 it/s skipped 0 bucket_mae 0.1076 n_num 891.0800
  step  13500/30000 loss 0.7006 lr 1.78e-04 6.1 it/s skipped 0 bucket_mae 0.1101 n_num 865.7000
  step  13550/30000 loss 0.7082 lr 1.77e-04 6.1 it/s skipped 0 bucket_mae 0.1089 n_num 898.8400
  step  13600/30000 loss 0.7017 lr 1.76e-04 6.1 it/s skipped 0 bucket_mae 0.1114 n_num 875.2200
  step  13650/30000 loss 0.7029 lr 1.75e-04 6.1 it/s skipped 0 bucket_mae 0.1070 n_num 896.4400
  step  13700/30000 loss 0.6978 lr 1.75e-04 6.1 it/s skipped 0 bucket_mae 0.1090 n_num 887.0000
  step  13750/30000 loss 0.7133 lr 1.74e-04 6.1 it/s skipped 0 bucket_mae 0.1115 n_num 844.7400
  step  13800/30000 loss 0.7077 lr 1.73e-04 6.1 it/s skipped 0 bucket_mae 0.1076 n_num 912.3800
  step  13850/30000 loss 0.7022 lr 1.72e-04 6.1 it/s skipped 0 bucket_mae 0.1046 n_num 876.5200
  step  13900/30000 loss 0.7007 lr 1.71e-04 6.1 it/s skipped 0 bucket_mae 0.1024 n_num 970.0000
  step  13950/30000 loss 0.6923 lr 1.71e-04 6.1 it/s skipped 0 bucket_mae 0.1053 n_num 879.2600
  step  14000/30000 loss 0.7098 lr 1.70e-04 6.1 it/s skipped 0 bucket_mae 0.1084 n_num 900.8400
  step  14050/30000 loss 0.7139 lr 1.69e-04 6.1 it/s skipped 0 bucket_mae 0.1068 n_num 860.6000
  step  14100/30000 loss 0.6899 lr 1.68e-04 6.1 it/s skipped 0 bucket_mae 0.1052 n_num 890.0400
  step  14150/30000 loss 0.6959 lr 1.68e-04 6.1 it/s skipped 0 bucket_mae 0.1034 n_num 889.4400
  step  14200/30000 loss 0.7074 lr 1.67e-04 6.1 it/s skipped 0 bucket_mae 0.1032 n_num 872.9800
  step  14250/30000 loss 0.6879 lr 1.66e-04 6.1 it/s skipped 0 bucket_mae 0.1050 n_num 910.3400
  step  14300/30000 loss 0.6985 lr 1.65e-04 6.1 it/s skipped 0 bucket_mae 0.1043 n_num 928.2000
  step  14350/30000 loss 0.6986 lr 1.64e-04 6.1 it/s skipped 0 bucket_mae 0.1044 n_num 897.2000
  step  14400/30000 loss 0.7094 lr 1.64e-04 6.1 it/s skipped 0 bucket_mae 0.1063 n_num 893.3000
  step  14450/30000 loss 0.6972 lr 1.63e-04 6.1 it/s skipped 0 bucket_mae 0.1109 n_num 860.5400
  step  14500/30000 loss 0.6832 lr 1.62e-04 6.1 it/s skipped 0 bucket_mae 0.1029 n_num 919.3000
  step  14550/30000 loss 0.7009 lr 1.61e-04 6.1 it/s skipped 0 bucket_mae 0.1032 n_num 870.2800
  step  14600/30000 loss 0.6866 lr 1.60e-04 6.1 it/s skipped 0 bucket_mae 0.1053 n_num 927.1400
  step  14650/30000 loss 0.6977 lr 1.60e-04 6.1 it/s skipped 0 bucket_mae 0.1056 n_num 897.8600
  step  14700/30000 loss 0.7031 lr 1.59e-04 6.1 it/s skipped 0 bucket_mae 0.1062 n_num 863.5000
  step  14750/30000 loss 0.6899 lr 1.58e-04 6.0 it/s skipped 0 bucket_mae 0.1075 n_num 918.4400
  step  14800/30000 loss 0.7151 lr 1.57e-04 6.1 it/s skipped 0 bucket_mae 0.1091 n_num 896.7600
  step  14850/30000 loss 0.7095 lr 1.56e-04 6.1 it/s skipped 0 bucket_mae 0.1109 n_num 853.7600
  step  14900/30000 loss 0.7070 lr 1.56e-04 6.1 it/s skipped 0 bucket_mae 0.1036 n_num 903.5400
  step  14950/30000 loss 0.7067 lr 1.55e-04 6.1 it/s skipped 0 bucket_mae 0.1047 n_num 908.6200
  step  15000/30000 loss 0.6857 lr 1.54e-04 6.1 it/s skipped 0 bucket_mae 0.1060 n_num 887.3600
  step  15050/30000 loss 0.7076 lr 1.53e-04 6.1 it/s skipped 0 bucket_mae 0.1053 n_num 906.3000
  step  15100/30000 loss 0.6949 lr 1.52e-04 6.1 it/s skipped 0 bucket_mae 0.1107 n_num 880.7600
  step  15150/30000 loss 0.7026 lr 1.52e-04 6.1 it/s skipped 0 bucket_mae 0.1099 n_num 899.6800
  step  15200/30000 loss 0.7046 lr 1.51e-04 6.1 it/s skipped 0 bucket_mae 0.1118 n_num 901.4400
  step  15250/30000 loss 0.7011 lr 1.50e-04 6.1 it/s skipped 0 bucket_mae 0.1080 n_num 873.9600
  step  15300/30000 loss 0.6968 lr 1.49e-04 6.1 it/s skipped 0 bucket_mae 0.1051 n_num 878.3600
  step  15350/30000 loss 0.7101 lr 1.48e-04 6.1 it/s skipped 0 bucket_mae 0.1106 n_num 864.5400
  step  15400/30000 loss 0.7176 lr 1.48e-04 6.1 it/s skipped 0 bucket_mae 0.1064 n_num 914.3400
  step  15450/30000 loss 0.7034 lr 1.47e-04 6.1 it/s skipped 0 bucket_mae 0.1093 n_num 886.1400
  step  15500/30000 loss 0.6903 lr 1.46e-04 6.1 it/s skipped 0 bucket_mae 0.1044 n_num 907.2000
  step  15550/30000 loss 0.7077 lr 1.45e-04 6.1 it/s skipped 0 bucket_mae 0.1063 n_num 902.7600
  step  15600/30000 loss 0.6953 lr 1.44e-04 6.1 it/s skipped 0 bucket_mae 0.1062 n_num 900.0400
  step  15650/30000 loss 0.7137 lr 1.44e-04 6.1 it/s skipped 0 bucket_mae 0.1076 n_num 882.4200
  step  15700/30000 loss 0.6997 lr 1.43e-04 6.1 it/s skipped 0 bucket_mae 0.1070 n_num 898.7600
  step  15750/30000 loss 0.6800 lr 1.42e-04 6.1 it/s skipped 0 bucket_mae 0.1094 n_num 904.4600
  step  15800/30000 loss 0.7043 lr 1.41e-04 6.1 it/s skipped 0 bucket_mae 0.1045 n_num 934.5600
  step  15850/30000 loss 0.6933 lr 1.40e-04 6.1 it/s skipped 0 bucket_mae 0.1071 n_num 886.9600
  step  15900/30000 loss 0.6962 lr 1.40e-04 6.1 it/s skipped 0 bucket_mae 0.1074 n_num 877.6200
  step  15950/30000 loss 0.7044 lr 1.39e-04 6.1 it/s skipped 0 bucket_mae 0.1099 n_num 869.6000
  step  16000/30000 loss 0.6856 lr 1.38e-04 6.1 it/s skipped 0 bucket_mae 0.1058 n_num 898.5000
  step  16050/30000 loss 0.7109 lr 1.37e-04 6.1 it/s skipped 0 bucket_mae 0.1070 n_num 879.6200
  step  16100/30000 loss 0.7221 lr 1.36e-04 6.1 it/s skipped 0 bucket_mae 0.1052 n_num 914.5200
  step  16150/30000 loss 0.6889 lr 1.36e-04 6.1 it/s skipped 0 bucket_mae 0.1050 n_num 940.8000
  step  16200/30000 loss 0.6948 lr 1.35e-04 6.1 it/s skipped 0 bucket_mae 0.1079 n_num 898.2400
  step  16250/30000 loss 0.7060 lr 1.34e-04 6.1 it/s skipped 0 bucket_mae 0.1059 n_num 898.8000
  step  16300/30000 loss 0.6850 lr 1.33e-04 6.1 it/s skipped 0 bucket_mae 0.1068 n_num 902.6000
  step  16350/30000 loss 0.6997 lr 1.32e-04 6.1 it/s skipped 0 bucket_mae 0.1092 n_num 891.9800
  step  16400/30000 loss 0.7087 lr 1.32e-04 6.1 it/s skipped 0 bucket_mae 0.1072 n_num 897.4200
  step  16450/30000 loss 0.6927 lr 1.31e-04 6.1 it/s skipped 0 bucket_mae 0.1054 n_num 902.1400
  step  16500/30000 loss 0.6844 lr 1.30e-04 6.1 it/s skipped 0 bucket_mae 0.1048 n_num 893.4400
  step  16550/30000 loss 0.6906 lr 1.29e-04 6.1 it/s skipped 0 bucket_mae 0.1080 n_num 923.8800
  step  16600/30000 loss 0.6925 lr 1.29e-04 6.1 it/s skipped 0 bucket_mae 0.1109 n_num 886.8800
  step  16650/30000 loss 0.6911 lr 1.28e-04 6.1 it/s skipped 0 bucket_mae 0.1054 n_num 881.3400
  step  16700/30000 loss 0.6865 lr 1.27e-04 6.1 it/s skipped 0 bucket_mae 0.1076 n_num 888.6400
  step  16750/30000 loss 0.6924 lr 1.26e-04 6.1 it/s skipped 0 bucket_mae 0.1052 n_num 900.4000
  step  16800/30000 loss 0.6961 lr 1.25e-04 6.1 it/s skipped 0 bucket_mae 0.1069 n_num 883.0800
  step  16850/30000 loss 0.7108 lr 1.25e-04 6.1 it/s skipped 0 bucket_mae 0.1076 n_num 865.1000
  step  16900/30000 loss 0.7065 lr 1.24e-04 6.1 it/s skipped 0 bucket_mae 0.1093 n_num 871.5400
  step  16950/30000 loss 0.6919 lr 1.23e-04 6.1 it/s skipped 0 bucket_mae 0.1025 n_num 947.8400
  step  17000/30000 loss 0.6853 lr 1.22e-04 6.1 it/s skipped 0 bucket_mae 0.1077 n_num 903.7600
  step  17050/30000 loss 0.6978 lr 1.21e-04 6.1 it/s skipped 0 bucket_mae 0.1046 n_num 903.7400
  step  17100/30000 loss 0.6986 lr 1.21e-04 6.1 it/s skipped 0 bucket_mae 0.1084 n_num 896.4600
  step  17150/30000 loss 0.7125 lr 1.20e-04 6.1 it/s skipped 0 bucket_mae 0.1110 n_num 871.8400
  step  17200/30000 loss 0.7006 lr 1.19e-04 6.1 it/s skipped 0 bucket_mae 0.1064 n_num 890.0000
  step  17250/30000 loss 0.6915 lr 1.18e-04 6.1 it/s skipped 0 bucket_mae 0.1063 n_num 890.6800
  step  17300/30000 loss 0.6989 lr 1.18e-04 6.1 it/s skipped 0 bucket_mae 0.1057 n_num 906.2400
  step  17350/30000 loss 0.6906 lr 1.17e-04 6.1 it/s skipped 0 bucket_mae 0.1080 n_num 877.0000
  step  17400/30000 loss 0.6837 lr 1.16e-04 6.1 it/s skipped 0 bucket_mae 0.1049 n_num 891.6400
  step  17450/30000 loss 0.7086 lr 1.15e-04 6.1 it/s skipped 0 bucket_mae 0.1072 n_num 913.7600
  step  17500/30000 loss 0.7014 lr 1.14e-04 6.1 it/s skipped 0 bucket_mae 0.1074 n_num 875.6600
  step  17550/30000 loss 0.7008 lr 1.14e-04 6.1 it/s skipped 0 bucket_mae 0.1056 n_num 894.5400
  step  17600/30000 loss 0.7101 lr 1.13e-04 6.1 it/s skipped 0 bucket_mae 0.1069 n_num 928.3000
  step  17650/30000 loss 0.6797 lr 1.12e-04 6.1 it/s skipped 0 bucket_mae 0.1049 n_num 911.1000
  step  17700/30000 loss 0.6994 lr 1.11e-04 6.0 it/s skipped 0 bucket_mae 0.1107 n_num 878.8600
  step  17750/30000 loss 0.6986 lr 1.11e-04 6.1 it/s skipped 0 bucket_mae 0.1085 n_num 873.9800
  step  17800/30000 loss 0.6940 lr 1.10e-04 6.1 it/s skipped 0 bucket_mae 0.1035 n_num 885.1800
  step  17850/30000 loss 0.6739 lr 1.09e-04 6.1 it/s skipped 0 bucket_mae 0.1035 n_num 903.0000
  step  17900/30000 loss 0.7096 lr 1.08e-04 6.1 it/s skipped 0 bucket_mae 0.1096 n_num 907.7000
  step  17950/30000 loss 0.6981 lr 1.07e-04 6.1 it/s skipped 0 bucket_mae 0.1058 n_num 873.5000
  step  18000/30000 loss 0.7092 lr 1.07e-04 6.1 it/s skipped 0 bucket_mae 0.1044 n_num 920.3600
  step  18050/30000 loss 0.7015 lr 1.06e-04 6.1 it/s skipped 0 bucket_mae 0.1111 n_num 861.7600
  step  18100/30000 loss 0.6876 lr 1.05e-04 6.1 it/s skipped 0 bucket_mae 0.1088 n_num 900.3800
  step  18150/30000 loss 0.7031 lr 1.04e-04 6.1 it/s skipped 0 bucket_mae 0.1065 n_num 909.5400
  step  18200/30000 loss 0.6795 lr 1.04e-04 6.1 it/s skipped 0 bucket_mae 0.1082 n_num 906.3200
  step  18250/30000 loss 0.6921 lr 1.03e-04 6.1 it/s skipped 0 bucket_mae 0.1093 n_num 875.0200
  step  18300/30000 loss 0.7004 lr 1.02e-04 6.1 it/s skipped 0 bucket_mae 0.1066 n_num 881.9200
  step  18350/30000 loss 0.6889 lr 1.01e-04 6.1 it/s skipped 0 bucket_mae 0.1068 n_num 922.9400
  step  18400/30000 loss 0.7046 lr 1.01e-04 6.1 it/s skipped 0 bucket_mae 0.1091 n_num 843.2400
  step  18450/30000 loss 0.6994 lr 9.99e-05 6.1 it/s skipped 0 bucket_mae 0.1069 n_num 907.4600
  step  18500/30000 loss 0.6904 lr 9.91e-05 6.1 it/s skipped 0 bucket_mae 0.1073 n_num 888.2800
  step  18550/30000 loss 0.6650 lr 9.84e-05 6.1 it/s skipped 0 bucket_mae 0.1009 n_num 908.7000
  step  18600/30000 loss 0.6870 lr 9.76e-05 6.1 it/s skipped 0 bucket_mae 0.1127 n_num 888.6200
  step  18650/30000 loss 0.6897 lr 9.69e-05 6.1 it/s skipped 0 bucket_mae 0.1077 n_num 881.9800
  step  18700/30000 loss 0.6868 lr 9.61e-05 6.1 it/s skipped 0 bucket_mae 0.1095 n_num 855.2800
  step  18750/30000 loss 0.6842 lr 9.54e-05 6.1 it/s skipped 0 bucket_mae 0.1064 n_num 887.8400
  step  18800/30000 loss 0.7000 lr 9.46e-05 6.1 it/s skipped 0 bucket_mae 0.1070 n_num 888.2400
  step  18850/30000 loss 0.7072 lr 9.39e-05 6.1 it/s skipped 0 bucket_mae 0.1075 n_num 892.2400
  step  18900/30000 loss 0.6756 lr 9.32e-05 6.1 it/s skipped 0 bucket_mae 0.1070 n_num 879.7800
  step  18950/30000 loss 0.6942 lr 9.24e-05 6.1 it/s skipped 0 bucket_mae 0.1067 n_num 924.6200
  step  19000/30000 loss 0.7129 lr 9.17e-05 6.1 it/s skipped 0 bucket_mae 0.1104 n_num 887.6600
  step  19050/30000 loss 0.6875 lr 9.09e-05 6.1 it/s skipped 0 bucket_mae 0.1065 n_num 865.6200
  step  19100/30000 loss 0.6841 lr 9.02e-05 6.1 it/s skipped 0 bucket_mae 0.1090 n_num 870.1800
  step  19150/30000 loss 0.6908 lr 8.95e-05 6.0 it/s skipped 0 bucket_mae 0.1074 n_num 895.9600
  step  19200/30000 loss 0.7057 lr 8.87e-05 6.1 it/s skipped 0 bucket_mae 0.1045 n_num 919.3000
  step  19250/30000 loss 0.6959 lr 8.80e-05 6.1 it/s skipped 0 bucket_mae 0.1056 n_num 914.7400
  step  19300/30000 loss 0.6815 lr 8.73e-05 6.1 it/s skipped 0 bucket_mae 0.1053 n_num 862.0600
  step  19350/30000 loss 0.6798 lr 8.66e-05 6.1 it/s skipped 0 bucket_mae 0.1075 n_num 873.8800
  step  19400/30000 loss 0.6900 lr 8.58e-05 6.1 it/s skipped 0 bucket_mae 0.1077 n_num 886.0800
  step  19450/30000 loss 0.6802 lr 8.51e-05 6.1 it/s skipped 0 bucket_mae 0.1039 n_num 887.4400
  step  19500/30000 loss 0.6714 lr 8.44e-05 6.1 it/s skipped 0 bucket_mae 0.1081 n_num 914.4400
  step  19550/30000 loss 0.6969 lr 8.37e-05 6.1 it/s skipped 0 bucket_mae 0.1061 n_num 872.2200
  step  19600/30000 loss 0.6879 lr 8.30e-05 6.1 it/s skipped 0 bucket_mae 0.1066 n_num 903.2600
  step  19650/30000 loss 0.7007 lr 8.23e-05 6.1 it/s skipped 0 bucket_mae 0.1071 n_num 874.2600
  step  19700/30000 loss 0.6763 lr 8.15e-05 6.1 it/s skipped 0 bucket_mae 0.1093 n_num 885.1000
  step  19750/30000 loss 0.6902 lr 8.08e-05 6.1 it/s skipped 0 bucket_mae 0.1049 n_num 863.0600
  step  19800/30000 loss 0.6838 lr 8.01e-05 6.1 it/s skipped 0 bucket_mae 0.1060 n_num 871.4800
  step  19850/30000 loss 0.6788 lr 7.94e-05 6.1 it/s skipped 0 bucket_mae 0.1037 n_num 925.3800
  step  19900/30000 loss 0.6734 lr 7.87e-05 6.1 it/s skipped 0 bucket_mae 0.1058 n_num 909.5600
  step  19950/30000 loss 0.6900 lr 7.80e-05 6.1 it/s skipped 0 bucket_mae 0.1107 n_num 880.9600
  step  20000/30000 loss 0.6852 lr 7.73e-05 6.1 it/s skipped 0 bucket_mae 0.1053 n_num 903.2200
  step  20050/30000 loss 0.6709 lr 7.66e-05 6.1 it/s skipped 0 bucket_mae 0.1037 n_num 930.9600
  step  20100/30000 loss 0.6989 lr 7.59e-05 6.1 it/s skipped 0 bucket_mae 0.1056 n_num 924.0400
  step  20150/30000 loss 0.7016 lr 7.52e-05 6.1 it/s skipped 0 bucket_mae 0.1079 n_num 877.8800
  step  20200/30000 loss 0.6954 lr 7.45e-05 6.1 it/s skipped 0 bucket_mae 0.1090 n_num 880.2600
  step  20250/30000 loss 0.6926 lr 7.39e-05 6.1 it/s skipped 0 bucket_mae 0.1018 n_num 868.4600
  step  20300/30000 loss 0.6780 lr 7.32e-05 6.1 it/s skipped 0 bucket_mae 0.1090 n_num 922.8400
  step  20350/30000 loss 0.6713 lr 7.25e-05 6.1 it/s skipped 0 bucket_mae 0.1046 n_num 921.4200
  step  20400/30000 loss 0.6983 lr 7.18e-05 6.1 it/s skipped 0 bucket_mae 0.1090 n_num 901.9800
  step  20450/30000 loss 0.6983 lr 7.11e-05 6.1 it/s skipped 0 bucket_mae 0.1052 n_num 911.6800
  step  20500/30000 loss 0.7042 lr 7.04e-05 6.1 it/s skipped 0 bucket_mae 0.1046 n_num 901.3200
  step  20550/30000 loss 0.6726 lr 6.98e-05 6.1 it/s skipped 0 bucket_mae 0.1071 n_num 874.4200
  step  20600/30000 loss 0.6932 lr 6.91e-05 6.1 it/s skipped 0 bucket_mae 0.1071 n_num 880.4600
  step  20650/30000 loss 0.6845 lr 6.84e-05 5.9 it/s skipped 0 bucket_mae 0.1067 n_num 879.1000
  step  20700/30000 loss 0.6942 lr 6.77e-05 6.1 it/s skipped 0 bucket_mae 0.1108 n_num 876.2000
  step  20750/30000 loss 0.6876 lr 6.71e-05 6.1 it/s skipped 0 bucket_mae 0.1093 n_num 885.4200
  step  20800/30000 loss 0.6827 lr 6.64e-05 6.1 it/s skipped 0 bucket_mae 0.1091 n_num 865.0600
  step  20850/30000 loss 0.6781 lr 6.58e-05 6.1 it/s skipped 0 bucket_mae 0.1077 n_num 885.5200
  step  20900/30000 loss 0.6860 lr 6.51e-05 6.1 it/s skipped 0 bucket_mae 0.1102 n_num 883.4600
  step  20950/30000 loss 0.7012 lr 6.44e-05 6.1 it/s skipped 0 bucket_mae 0.1087 n_num 885.6200
  step  21000/30000 loss 0.6819 lr 6.38e-05 6.1 it/s skipped 0 bucket_mae 0.1099 n_num 859.1200
  step  21050/30000 loss 0.6960 lr 6.31e-05 6.1 it/s skipped 0 bucket_mae 0.1075 n_num 882.8400
  step  21100/30000 loss 0.6970 lr 6.25e-05 6.1 it/s skipped 0 bucket_mae 0.1085 n_num 887.6800
  step  21150/30000 loss 0.6996 lr 6.18e-05 6.1 it/s skipped 0 bucket_mae 0.1051 n_num 895.7000
  step  21200/30000 loss 0.6919 lr 6.12e-05 6.1 it/s skipped 0 bucket_mae 0.1042 n_num 911.9400
  step  21250/30000 loss 0.6981 lr 6.05e-05 6.1 it/s skipped 0 bucket_mae 0.1022 n_num 900.1800
  step  21300/30000 loss 0.6950 lr 5.99e-05 6.1 it/s skipped 0 bucket_mae 0.1021 n_num 908.4600
  step  21350/30000 loss 0.6700 lr 5.93e-05 6.1 it/s skipped 0 bucket_mae 0.1044 n_num 903.8000
  step  21400/30000 loss 0.6848 lr 5.86e-05 6.1 it/s skipped 0 bucket_mae 0.1046 n_num 911.6800
  step  21450/30000 loss 0.6796 lr 5.80e-05 6.1 it/s skipped 0 bucket_mae 0.1100 n_num 882.4800
  step  21500/30000 loss 0.6782 lr 5.74e-05 6.1 it/s skipped 0 bucket_mae 0.1075 n_num 887.0400
  step  21550/30000 loss 0.7039 lr 5.67e-05 6.1 it/s skipped 0 bucket_mae 0.1055 n_num 916.7400
  step  21600/30000 loss 0.6805 lr 5.61e-05 6.1 it/s skipped 0 bucket_mae 0.1089 n_num 880.4600
  step  21650/30000 loss 0.6775 lr 5.55e-05 6.1 it/s skipped 0 bucket_mae 0.1085 n_num 893.4400
  step  21700/30000 loss 0.6865 lr 5.49e-05 6.1 it/s skipped 0 bucket_mae 0.1031 n_num 909.8400
  step  21750/30000 loss 0.6918 lr 5.43e-05 6.1 it/s skipped 0 bucket_mae 0.1054 n_num 905.2200
  step  21800/30000 loss 0.6824 lr 5.36e-05 6.1 it/s skipped 0 bucket_mae 0.1077 n_num 896.0400
  step  21850/30000 loss 0.6852 lr 5.30e-05 6.1 it/s skipped 0 bucket_mae 0.1068 n_num 867.2600
  step  21900/30000 loss 0.6969 lr 5.24e-05 6.1 it/s skipped 0 bucket_mae 0.1024 n_num 909.1800
  step  21950/30000 loss 0.6927 lr 5.18e-05 6.1 it/s skipped 0 bucket_mae 0.1097 n_num 867.9000
  step  22000/30000 loss 0.6787 lr 5.12e-05 6.1 it/s skipped 0 bucket_mae 0.1010 n_num 923.9000
  step  22050/30000 loss 0.6977 lr 5.06e-05 6.1 it/s skipped 0 bucket_mae 0.1100 n_num 895.3000
  step  22100/30000 loss 0.6887 lr 5.00e-05 5.9 it/s skipped 0 bucket_mae 0.1039 n_num 903.5200
  step  22150/30000 loss 0.6790 lr 4.94e-05 6.1 it/s skipped 0 bucket_mae 0.1076 n_num 879.2600
  step  22200/30000 loss 0.7015 lr 4.88e-05 6.1 it/s skipped 0 bucket_mae 0.1072 n_num 907.3400
  step  22250/30000 loss 0.6657 lr 4.83e-05 6.1 it/s skipped 0 bucket_mae 0.1002 n_num 923.5400
  step  22300/30000 loss 0.6881 lr 4.77e-05 6.1 it/s skipped 0 bucket_mae 0.1064 n_num 890.8400
  step  22350/30000 loss 0.6812 lr 4.71e-05 6.1 it/s skipped 0 bucket_mae 0.1037 n_num 897.4400
  step  22400/30000 loss 0.6944 lr 4.65e-05 6.1 it/s skipped 0 bucket_mae 0.1034 n_num 895.5000
  step  22450/30000 loss 0.6913 lr 4.59e-05 6.1 it/s skipped 0 bucket_mae 0.1079 n_num 869.5400
  step  22500/30000 loss 0.7033 lr 4.54e-05 6.1 it/s skipped 0 bucket_mae 0.1057 n_num 877.0800
  step  22550/30000 loss 0.6827 lr 4.48e-05 6.1 it/s skipped 0 bucket_mae 0.1055 n_num 917.7200
  step  22600/30000 loss 0.6859 lr 4.42e-05 6.1 it/s skipped 0 bucket_mae 0.1070 n_num 921.3000
  step  22650/30000 loss 0.6873 lr 4.37e-05 6.1 it/s skipped 0 bucket_mae 0.1089 n_num 885.2400
  step  22700/30000 loss 0.7032 lr 4.31e-05 6.1 it/s skipped 0 bucket_mae 0.1065 n_num 895.3800
  step  22750/30000 loss 0.6918 lr 4.25e-05 6.1 it/s skipped 0 bucket_mae 0.1064 n_num 887.2800
  step  22800/30000 loss 0.6937 lr 4.20e-05 6.1 it/s skipped 0 bucket_mae 0.1084 n_num 878.9800
  step  22850/30000 loss 0.6606 lr 4.14e-05 6.1 it/s skipped 0 bucket_mae 0.1081 n_num 880.7000
  step  22900/30000 loss 0.6864 lr 4.09e-05 6.1 it/s skipped 0 bucket_mae 0.1020 n_num 930.7000
  step  22950/30000 loss 0.6742 lr 4.03e-05 6.1 it/s skipped 0 bucket_mae 0.1057 n_num 912.6400
  step  23000/30000 loss 0.6733 lr 3.98e-05 6.1 it/s skipped 0 bucket_mae 0.1080 n_num 909.0000
  step  23050/30000 loss 0.6902 lr 3.92e-05 6.1 it/s skipped 0 bucket_mae 0.1037 n_num 903.7600
  step  23100/30000 loss 0.7026 lr 3.87e-05 6.1 it/s skipped 0 bucket_mae 0.1112 n_num 861.9800
  step  23150/30000 loss 0.6900 lr 3.82e-05 6.1 it/s skipped 0 bucket_mae 0.1005 n_num 922.3000
  step  23200/30000 loss 0.6908 lr 3.76e-05 6.1 it/s skipped 0 bucket_mae 0.1015 n_num 902.4800
  step  23250/30000 loss 0.6946 lr 3.71e-05 6.1 it/s skipped 0 bucket_mae 0.1073 n_num 900.9600
  step  23300/30000 loss 0.6657 lr 3.66e-05 6.1 it/s skipped 0 bucket_mae 0.1076 n_num 889.4200
  step  23350/30000 loss 0.6851 lr 3.61e-05 6.1 it/s skipped 0 bucket_mae 0.1065 n_num 856.4400
  step  23400/30000 loss 0.6888 lr 3.56e-05 6.1 it/s skipped 0 bucket_mae 0.1079 n_num 863.6600
  step  23450/30000 loss 0.6806 lr 3.50e-05 6.1 it/s skipped 0 bucket_mae 0.1078 n_num 896.2600
  step  23500/30000 loss 0.6899 lr 3.45e-05 6.1 it/s skipped 0 bucket_mae 0.1049 n_num 897.7800
  step  23550/30000 loss 0.6923 lr 3.40e-05 6.1 it/s skipped 0 bucket_mae 0.1089 n_num 885.0200
  step  23600/30000 loss 0.6935 lr 3.35e-05 6.0 it/s skipped 0 bucket_mae 0.1059 n_num 919.8400
  step  23650/30000 loss 0.6865 lr 3.30e-05 6.1 it/s skipped 0 bucket_mae 0.1116 n_num 899.5800
  step  23700/30000 loss 0.6793 lr 3.25e-05 6.1 it/s skipped 0 bucket_mae 0.1064 n_num 904.8200
  step  23750/30000 loss 0.6713 lr 3.20e-05 6.1 it/s skipped 0 bucket_mae 0.1038 n_num 896.3000
  step  23800/30000 loss 0.6892 lr 3.15e-05 6.1 it/s skipped 0 bucket_mae 0.1067 n_num 890.6000
  step  23850/30000 loss 0.6772 lr 3.10e-05 6.1 it/s skipped 0 bucket_mae 0.1096 n_num 862.6400
  step  23900/30000 loss 0.6730 lr 3.06e-05 6.1 it/s skipped 0 bucket_mae 0.1050 n_num 892.2400
  step  23950/30000 loss 0.6764 lr 3.01e-05 6.1 it/s skipped 0 bucket_mae 0.1075 n_num 888.8000
  step  24000/30000 loss 0.6853 lr 2.96e-05 6.1 it/s skipped 0 bucket_mae 0.1073 n_num 902.2800
  step  24050/30000 loss 0.6935 lr 2.91e-05 6.1 it/s skipped 0 bucket_mae 0.1038 n_num 906.5600
  step  24100/30000 loss 0.6746 lr 2.86e-05 6.1 it/s skipped 0 bucket_mae 0.1063 n_num 901.1400
  step  24150/30000 loss 0.6754 lr 2.82e-05 6.1 it/s skipped 0 bucket_mae 0.1067 n_num 926.7800
  step  24200/30000 loss 0.6747 lr 2.77e-05 6.1 it/s skipped 0 bucket_mae 0.1059 n_num 876.5200
  step  24250/30000 loss 0.6895 lr 2.73e-05 6.1 it/s skipped 0 bucket_mae 0.1106 n_num 831.7400
  step  24300/30000 loss 0.6765 lr 2.68e-05 6.1 it/s skipped 0 bucket_mae 0.1057 n_num 868.6200
  step  24350/30000 loss 0.6960 lr 2.63e-05 6.1 it/s skipped 0 bucket_mae 0.1054 n_num 927.8000
  step  24400/30000 loss 0.6770 lr 2.59e-05 6.1 it/s skipped 0 bucket_mae 0.1058 n_num 902.9600
  step  24450/30000 loss 0.6878 lr 2.54e-05 6.1 it/s skipped 0 bucket_mae 0.1070 n_num 940.1400
  step  24500/30000 loss 0.6870 lr 2.50e-05 6.1 it/s skipped 0 bucket_mae 0.1056 n_num 874.9000
  step  24550/30000 loss 0.6808 lr 2.46e-05 6.1 it/s skipped 0 bucket_mae 0.1101 n_num 875.3400
  step  24600/30000 loss 0.6804 lr 2.41e-05 6.1 it/s skipped 0 bucket_mae 0.1058 n_num 883.1200
  step  24650/30000 loss 0.7036 lr 2.37e-05 6.1 it/s skipped 0 bucket_mae 0.1109 n_num 893.0000
  step  24700/30000 loss 0.6878 lr 2.33e-05 6.1 it/s skipped 0 bucket_mae 0.1074 n_num 920.9400
  step  24750/30000 loss 0.7004 lr 2.28e-05 6.1 it/s skipped 0 bucket_mae 0.1076 n_num 890.0800
  step  24800/30000 loss 0.6692 lr 2.24e-05 6.1 it/s skipped 0 bucket_mae 0.1057 n_num 896.9800
  step  24850/30000 loss 0.6739 lr 2.20e-05 6.1 it/s skipped 0 bucket_mae 0.1081 n_num 908.7600
  step  24900/30000 loss 0.6713 lr 2.16e-05 6.1 it/s skipped 0 bucket_mae 0.1032 n_num 904.6000
  step  24950/30000 loss 0.7069 lr 2.12e-05 6.1 it/s skipped 0 bucket_mae 0.1058 n_num 882.4600
  step  25000/30000 loss 0.6810 lr 2.08e-05 6.1 it/s skipped 0 bucket_mae 0.1058 n_num 912.0400
  step  25050/30000 loss 0.7012 lr 2.04e-05 6.0 it/s skipped 0 bucket_mae 0.1081 n_num 879.0400
  step  25100/30000 loss 0.7017 lr 2.00e-05 6.1 it/s skipped 0 bucket_mae 0.1060 n_num 885.4400
  step  25150/30000 loss 0.6849 lr 1.96e-05 6.1 it/s skipped 0 bucket_mae 0.1027 n_num 918.5400
  step  25200/30000 loss 0.6893 lr 1.92e-05 6.1 it/s skipped 0 bucket_mae 0.1032 n_num 904.7200
  step  25250/30000 loss 0.6834 lr 1.88e-05 6.1 it/s skipped 0 bucket_mae 0.1071 n_num 873.9800
  step  25300/30000 loss 0.6944 lr 1.84e-05 6.1 it/s skipped 0 bucket_mae 0.1063 n_num 911.8600
  step  25350/30000 loss 0.6972 lr 1.80e-05 6.1 it/s skipped 0 bucket_mae 0.1021 n_num 909.5200
  step  25400/30000 loss 0.6863 lr 1.76e-05 6.1 it/s skipped 0 bucket_mae 0.1037 n_num 871.3800
  step  25450/30000 loss 0.6911 lr 1.73e-05 6.1 it/s skipped 0 bucket_mae 0.1088 n_num 869.5200
  step  25500/30000 loss 0.6825 lr 1.69e-05 6.1 it/s skipped 0 bucket_mae 0.1050 n_num 875.2400
  step  25550/30000 loss 0.6899 lr 1.65e-05 6.1 it/s skipped 0 bucket_mae 0.1066 n_num 890.9400
  step  25600/30000 loss 0.6811 lr 1.62e-05 6.1 it/s skipped 0 bucket_mae 0.1070 n_num 872.0600
  step  25650/30000 loss 0.6877 lr 1.58e-05 6.1 it/s skipped 0 bucket_mae 0.1064 n_num 885.4600
  step  25700/30000 loss 0.6901 lr 1.55e-05 6.1 it/s skipped 0 bucket_mae 0.1095 n_num 867.8600
  step  25750/30000 loss 0.6647 lr 1.51e-05 6.1 it/s skipped 0 bucket_mae 0.1034 n_num 899.2200
  step  25800/30000 loss 0.6954 lr 1.48e-05 6.1 it/s skipped 0 bucket_mae 0.1107 n_num 897.5600
  step  25850/30000 loss 0.6878 lr 1.44e-05 6.1 it/s skipped 0 bucket_mae 0.1090 n_num 900.6400
  step  25900/30000 loss 0.6894 lr 1.41e-05 6.1 it/s skipped 0 bucket_mae 0.1073 n_num 921.8000
  step  25950/30000 loss 0.6761 lr 1.37e-05 6.1 it/s skipped 0 bucket_mae 0.1058 n_num 948.2000
  step  26000/30000 loss 0.6752 lr 1.34e-05 6.1 it/s skipped 0 bucket_mae 0.1023 n_num 887.5000
  step  26050/30000 loss 0.6896 lr 1.31e-05 6.1 it/s skipped 0 bucket_mae 0.1078 n_num 891.6400
  step  26100/30000 loss 0.6694 lr 1.28e-05 6.1 it/s skipped 0 bucket_mae 0.1022 n_num 921.4600
  step  26150/30000 loss 0.6848 lr 1.24e-05 6.1 it/s skipped 0 bucket_mae 0.1086 n_num 878.3200
  step  26200/30000 loss 0.6821 lr 1.21e-05 6.1 it/s skipped 0 bucket_mae 0.1003 n_num 926.8600
  step  26250/30000 loss 0.6834 lr 1.18e-05 6.1 it/s skipped 0 bucket_mae 0.1066 n_num 851.5800
  step  26300/30000 loss 0.6811 lr 1.15e-05 6.1 it/s skipped 0 bucket_mae 0.1065 n_num 894.5400
  step  26350/30000 loss 0.6887 lr 1.12e-05 6.1 it/s skipped 0 bucket_mae 0.1086 n_num 886.1800
  step  26400/30000 loss 0.6856 lr 1.09e-05 6.1 it/s skipped 0 bucket_mae 0.1106 n_num 874.3200
  step  26450/30000 loss 0.6891 lr 1.06e-05 6.1 it/s skipped 0 bucket_mae 0.1053 n_num 883.9600
  step  26500/30000 loss 0.6914 lr 1.03e-05 6.1 it/s skipped 0 bucket_mae 0.1090 n_num 909.8800
  step  26550/30000 loss 0.6942 lr 1.00e-05 6.0 it/s skipped 0 bucket_mae 0.1053 n_num 923.7600
  step  26600/30000 loss 0.6609 lr 9.73e-06 6.1 it/s skipped 0 bucket_mae 0.1066 n_num 897.8600
  step  26650/30000 loss 0.7000 lr 9.44e-06 6.1 it/s skipped 0 bucket_mae 0.1124 n_num 890.1000
  step  26700/30000 loss 0.6881 lr 9.17e-06 6.1 it/s skipped 0 bucket_mae 0.1082 n_num 870.3800
  step  26750/30000 loss 0.6923 lr 8.89e-06 6.1 it/s skipped 0 bucket_mae 0.1011 n_num 911.6200
  step  26800/30000 loss 0.6948 lr 8.63e-06 6.1 it/s skipped 0 bucket_mae 0.1080 n_num 869.2200
  step  26850/30000 loss 0.6785 lr 8.36e-06 6.1 it/s skipped 0 bucket_mae 0.1063 n_num 876.8000
  step  26900/30000 loss 0.6663 lr 8.10e-06 6.1 it/s skipped 0 bucket_mae 0.1037 n_num 914.9000
  step  26950/30000 loss 0.6899 lr 7.84e-06 6.1 it/s skipped 0 bucket_mae 0.1087 n_num 895.1000
  step  27000/30000 loss 0.6784 lr 7.59e-06 6.1 it/s skipped 0 bucket_mae 0.1068 n_num 878.1800
  step  27050/30000 loss 0.6727 lr 7.34e-06 6.1 it/s skipped 0 bucket_mae 0.1045 n_num 898.2800
  step  27100/30000 loss 0.6634 lr 7.10e-06 6.1 it/s skipped 0 bucket_mae 0.1086 n_num 877.5800
  step  27150/30000 loss 0.6761 lr 6.86e-06 6.1 it/s skipped 0 bucket_mae 0.1049 n_num 885.7800
  step  27200/30000 loss 0.6939 lr 6.62e-06 6.1 it/s skipped 0 bucket_mae 0.1087 n_num 865.9400
  step  27250/30000 loss 0.6718 lr 6.39e-06 6.1 it/s skipped 0 bucket_mae 0.1060 n_num 864.7800
  step  27300/30000 loss 0.7004 lr 6.16e-06 6.1 it/s skipped 0 bucket_mae 0.1089 n_num 867.1400
  step  27350/30000 loss 0.6663 lr 5.93e-06 6.1 it/s skipped 0 bucket_mae 0.1066 n_num 897.8600
  step  27400/30000 loss 0.6923 lr 5.71e-06 6.1 it/s skipped 0 bucket_mae 0.1072 n_num 889.6200
  step  27450/30000 loss 0.6789 lr 5.50e-06 6.1 it/s skipped 0 bucket_mae 0.1075 n_num 897.1200
  step  27500/30000 loss 0.6911 lr 5.28e-06 6.1 it/s skipped 0 bucket_mae 0.1046 n_num 938.4200
  step  27550/30000 loss 0.6850 lr 5.08e-06 6.1 it/s skipped 0 bucket_mae 0.1092 n_num 884.6600
  step  27600/30000 loss 0.6759 lr 4.87e-06 6.1 it/s skipped 0 bucket_mae 0.1057 n_num 917.1200
  step  27650/30000 loss 0.6892 lr 4.67e-06 6.1 it/s skipped 0 bucket_mae 0.1051 n_num 892.0400
  step  27700/30000 loss 0.7128 lr 4.48e-06 6.1 it/s skipped 0 bucket_mae 0.1067 n_num 893.2600
  step  27750/30000 loss 0.6937 lr 4.29e-06 6.1 it/s skipped 0 bucket_mae 0.0998 n_num 980.8200
  step  27800/30000 loss 0.6938 lr 4.10e-06 6.1 it/s skipped 0 bucket_mae 0.1072 n_num 903.2200
  step  27850/30000 loss 0.7087 lr 3.91e-06 6.1 it/s skipped 0 bucket_mae 0.1060 n_num 891.5000
  step  27900/30000 loss 0.6748 lr 3.74e-06 6.1 it/s skipped 0 bucket_mae 0.1081 n_num 873.0400
  step  27950/30000 loss 0.6923 lr 3.56e-06 6.1 it/s skipped 0 bucket_mae 0.0993 n_num 922.3200
  step  28000/30000 loss 0.6932 lr 3.39e-06 6.0 it/s skipped 0 bucket_mae 0.1082 n_num 865.1000
  step  28050/30000 loss 0.6890 lr 3.22e-06 6.1 it/s skipped 0 bucket_mae 0.1090 n_num 919.9800
  step  28100/30000 loss 0.6651 lr 3.06e-06 6.1 it/s skipped 0 bucket_mae 0.1020 n_num 947.1600
  step  28150/30000 loss 0.6939 lr 2.90e-06 6.1 it/s skipped 0 bucket_mae 0.1078 n_num 873.2200
  step  28200/30000 loss 0.6796 lr 2.75e-06 6.1 it/s skipped 0 bucket_mae 0.1085 n_num 898.2400
  step  28250/30000 loss 0.6752 lr 2.60e-06 6.1 it/s skipped 0 bucket_mae 0.1061 n_num 906.0400
  step  28300/30000 loss 0.6860 lr 2.45e-06 6.1 it/s skipped 0 bucket_mae 0.1076 n_num 851.6600
  step  28350/30000 loss 0.6683 lr 2.31e-06 6.1 it/s skipped 0 bucket_mae 0.1052 n_num 877.4200
  step  28400/30000 loss 0.6909 lr 2.17e-06 6.1 it/s skipped 0 bucket_mae 0.1078 n_num 903.9600
  step  28450/30000 loss 0.6780 lr 2.04e-06 6.1 it/s skipped 0 bucket_mae 0.1036 n_num 926.6200
  step  28500/30000 loss 0.6814 lr 1.91e-06 6.1 it/s skipped 0 bucket_mae 0.1093 n_num 860.8400
  step  28550/30000 loss 0.6745 lr 1.78e-06 6.1 it/s skipped 0 bucket_mae 0.1039 n_num 939.3400
  step  28600/30000 loss 0.6919 lr 1.66e-06 6.1 it/s skipped 0 bucket_mae 0.1078 n_num 889.8600
  step  28650/30000 loss 0.6800 lr 1.55e-06 6.1 it/s skipped 0 bucket_mae 0.1026 n_num 909.0600
  step  28700/30000 loss 0.6934 lr 1.44e-06 6.1 it/s skipped 0 bucket_mae 0.1031 n_num 938.0000
  step  28750/30000 loss 0.6762 lr 1.33e-06 6.1 it/s skipped 0 bucket_mae 0.1031 n_num 916.3800
  step  28800/30000 loss 0.6803 lr 1.22e-06 6.1 it/s skipped 0 bucket_mae 0.1078 n_num 890.8200
  step  28850/30000 loss 0.6837 lr 1.12e-06 6.1 it/s skipped 0 bucket_mae 0.1046 n_num 897.4600
  step  28900/30000 loss 0.6853 lr 1.03e-06 6.1 it/s skipped 0 bucket_mae 0.1081 n_num 898.5000
  step  28950/30000 loss 0.6802 lr 9.37e-07 6.1 it/s skipped 0 bucket_mae 0.1066 n_num 883.2600
  step  29000/30000 loss 0.6796 lr 8.50e-07 6.1 it/s skipped 0 bucket_mae 0.1063 n_num 871.3600
  step  29050/30000 loss 0.6606 lr 7.67e-07 6.1 it/s skipped 0 bucket_mae 0.1088 n_num 880.4400
  step  29100/30000 loss 0.6781 lr 6.88e-07 6.1 it/s skipped 0 bucket_mae 0.1100 n_num 869.2000
  step  29150/30000 loss 0.6832 lr 6.14e-07 6.1 it/s skipped 0 bucket_mae 0.1070 n_num 879.7800
  step  29200/30000 loss 0.6601 lr 5.44e-07 6.1 it/s skipped 0 bucket_mae 0.1034 n_num 903.2400
  step  29250/30000 loss 0.6770 lr 4.78e-07 6.1 it/s skipped 0 bucket_mae 0.1109 n_num 900.9400
  step  29300/30000 loss 0.6784 lr 4.17e-07 6.1 it/s skipped 0 bucket_mae 0.1100 n_num 887.0000
  step  29350/30000 loss 0.6880 lr 3.59e-07 6.1 it/s skipped 0 bucket_mae 0.1024 n_num 913.8200
  step  29400/30000 loss 0.6861 lr 3.06e-07 6.1 it/s skipped 0 bucket_mae 0.1067 n_num 883.0800
  step  29450/30000 loss 0.6776 lr 2.57e-07 6.1 it/s skipped 0 bucket_mae 0.1068 n_num 873.9400
  step  29500/30000 loss 0.6830 lr 2.13e-07 6.0 it/s skipped 0 bucket_mae 0.1052 n_num 908.0800
  step  29550/30000 loss 0.6908 lr 1.72e-07 6.1 it/s skipped 0 bucket_mae 0.1099 n_num 864.3200
  step  29600/30000 loss 0.6815 lr 1.36e-07 6.1 it/s skipped 0 bucket_mae 0.1068 n_num 888.4800
  step  29650/30000 loss 0.6699 lr 1.04e-07 6.1 it/s skipped 0 bucket_mae 0.1077 n_num 880.0800
  step  29700/30000 loss 0.6732 lr 7.65e-08 6.1 it/s skipped 0 bucket_mae 0.1062 n_num 885.1000
  step  29750/30000 loss 0.6929 lr 5.32e-08 6.1 it/s skipped 0 bucket_mae 0.1069 n_num 879.4000
  step  29800/30000 loss 0.6788 lr 3.40e-08 6.1 it/s skipped 0 bucket_mae 0.1100 n_num 879.7600
  step  29850/30000 loss 0.6905 lr 1.91e-08 6.1 it/s skipped 0 bucket_mae 0.1081 n_num 882.6000
  step  29900/30000 loss 0.6812 lr 8.51e-09 6.1 it/s skipped 0 bucket_mae 0.1064 n_num 883.6600
  step  29950/30000 loss 0.7034 lr 2.13e-09 6.1 it/s skipped 0 bucket_mae 0.1083 n_num 874.1600
  step  30000/30000 loss 0.6807 lr 0.00e+00 6.1 it/s skipped 0 bucket_mae 0.1079 n_num 890.2800
[pretrain] saved artifacts/pretrain_small_bucket_td.pt
